Godot Engine v4.7.2.stable.official.ed1daf0bf - https://godotengine.org

RUN   test_board_overlay
PASS  board overlay  21 checks
RUN   test_board_legend
PASS  board legend   193 checks
RUN   test_render_shell
PASS  render shell   58 checks
RUN   test_player_input
PASS  player input   141 checks
RUN   test_player_actions
PASS  player actions 262 checks
RUN   test_player_combat
PASS  player combat  73 checks
RUN   test_player_inventory
PASS  player inventory 57 checks
RUN   test_bargain
PASS  bargain        46 checks
RUN   test_observation
PASS  observation    248 checks
RUN   test_character_sheet
PASS  character sheet 109 checks
RUN   test_layering
PASS  layering       63 checks
RUN   test_ui_fit
PASS  ui fit         109 checks
RUN   test_ui_panel
PASS  ui panel       285 checks
RUN   test_ui_digits
PASS  ui digits      137 checks
RUN   test_ui_readout
PASS  ui readout     1527 checks

all 15 suites passed (3329 checks)
WARNING: 87 RIDs of type "CanvasItem" were leaked.
   at: _free_rids (servers/rendering/renderer_canvas_cull.cpp:2735)
WARNING: 1367 ObjectDB instances were leaked at exit (run with `--verbose` for details).
   at: cleanup (core/object/object.cpp:2536)
ERROR: 67 resources still in use at exit (run with --verbose for details).
   at: clear (core/io/resource.cpp:822)
ERROR: 7 RID allocations of type 'PN13RendererDummy14TextureStorage12DummyTextureE' were leaked at exit.
ERROR: 18 RID allocations of type 'PN18TextServerAdvanced22ShapedTextDataAdvancedE' were leaked at exit.
ERROR: 1 RID allocations of type 'PN18TextServerAdvanced12FontAdvancedE' were leaked at exit.
