# resident memory of every engine of one ./run_tests.sh run
# this machine has 27.4 GiB
# time suite engines rss_gib avail_gib transcript_bytes
03:02:55 (starting) 1 0.05 24.41 0
03:02:57 (starting) 1 0.27 24.22 1
03:02:59 test_determinism 1 0.30 24.19 24
03:03:01 test_determinism 1 0.30 24.19 24
03:03:03 test_determinism 1 0.30 24.18 24
03:03:05 test_determinism 1 0.30 24.18 24
03:03:07 test_determinism 1 0.30 24.18 24
03:03:09 test_determinism 1 0.30 24.18 24
03:03:11 test_determinism 1 0.30 24.18 24
03:03:13 test_determinism 1 0.36 24.13 24
03:03:15 test_determinism 1 0.51 23.98 24
03:03:17 test_determinism 1 0.72 23.77 24
03:03:19 test_determinism 1 0.86 23.63 24
03:03:21 test_determinism 1 0.86 23.62 24
03:03:23 test_determinism 1 1.17 23.31 24
03:03:25 test_determinism 1 1.47 23.01 24
03:03:27 test_determinism 1 1.74 22.73 24
03:03:29 test_determinism 1 1.74 22.73 24
03:03:31 test_determinism 1 2.14 22.33 24
03:03:33 test_determinism 1 2.39 22.08 24
03:03:35 test_determinism 1 2.58 21.88 24
03:03:37 test_determinism 1 2.95 21.54 24
03:03:39 test_determinism 1 3.08 21.41 24
03:03:41 test_determinism 1 3.46 21.02 24
03:03:43 test_determinism 1 3.58 20.90 24
03:03:45 test_determinism 1 3.99 20.48 24
03:03:47 test_determinism 1 4.23 20.24 24
03:03:49 test_determinism 1 4.50 19.97 24
03:03:51 test_determinism 1 4.52 19.95 24
03:03:53 test_determinism 1 4.52 19.94 24
03:03:55 test_determinism 1 4.78 19.69 24
03:03:57 test_determinism 1 4.84 19.63 24
03:03:59 test_determinism 1 4.98 19.48 24
03:04:01 test_determinism 1 5.00 19.46 24
03:04:03 test_determinism 1 5.01 19.46 24
03:04:05 test_determinism 1 5.01 19.46 24
03:04:07 test_determinism 1 5.02 19.46 24
03:04:09 test_determinism 1 5.02 19.46 24
03:04:11 test_determinism 1 5.02 19.46 24
03:04:13 test_determinism 1 5.02 19.46 24
03:04:15 test_determinism 1 5.03 19.45 24
03:04:17 test_determinism 1 5.03 19.45 24
03:04:19 test_determinism 1 5.03 19.45 24
03:04:21 test_determinism 1 5.25 19.22 24
03:04:23 test_determinism 1 5.26 19.22 24
03:04:25 test_determinism 1 5.28 19.20 24
03:04:27 test_determinism 1 5.34 19.14 24
03:04:29 test_determinism 1 5.34 19.14 24
03:04:31 test_determinism 1 5.34 19.14 24
03:04:33 test_determinism 1 5.34 19.14 24
03:04:35 test_determinism 1 5.34 19.13 24
03:04:37 test_determinism 1 5.34 19.14 24
03:04:39 test_determinism 1 5.34 19.13 24
03:04:41 test_determinism 1 5.34 19.13 24
03:04:43 test_determinism 1 5.34 19.14 24
03:04:45 test_determinism 1 5.34 19.14 24
03:04:47 test_determinism 1 5.34 19.14 24
03:04:49 test_determinism 1 5.34 19.14 24
03:04:51 test_determinism 1 5.34 19.14 24
03:04:53 test_determinism 1 5.40 19.08 24
03:04:55 test_determinism 1 5.48 19.00 24
03:04:57 test_determinism 1 5.59 18.89 24
03:04:59 test_determinism 1 5.73 18.75 24
03:05:01 test_determinism 1 5.83 18.65 24
03:05:03 test_determinism 1 5.96 18.51 24
03:05:05 test_determinism 1 6.16 18.32 24
03:05:07 test_determinism 1 6.34 18.13 24
03:05:09 test_determinism 1 6.56 17.92 24
03:05:11 test_determinism 1 6.82 17.65 24
03:05:13 test_determinism 1 6.89 17.59 24
03:05:15 test_determinism 1 7.09 17.39 24
03:05:17 test_determinism 1 7.36 17.12 24
03:05:19 test_determinism 1 7.60 16.88 24
03:05:21 test_determinism 1 7.85 16.62 24
03:05:23 test_determinism 1 8.05 16.43 24
03:05:25 test_determinism 1 8.05 16.42 24
03:05:27 test_determinism 1 8.05 16.42 24
03:05:29 test_determinism 1 8.06 16.42 24
03:05:31 test_determinism 1 8.06 16.42 24
03:05:33 test_determinism 1 8.06 16.42 24
03:05:35 test_determinism 1 8.06 16.42 24
03:05:37 test_determinism 1 8.06 16.42 24
03:05:39 test_determinism 1 8.33 16.14 24
03:05:41 test_determinism 1 8.36 16.11 24
03:05:43 test_determinism 1 8.36 16.11 24
03:05:45 test_determinism 1 8.36 16.11 24
03:05:47 test_determinism 1 8.36 16.11 24
03:05:49 test_determinism 1 8.36 16.11 24
03:05:51 test_determinism 1 8.37 16.11 24
03:05:53 test_determinism 1 8.48 15.99 24
03:05:55 test_determinism 1 8.80 15.68 24
03:05:57 test_determinism 1 8.81 15.67 24
03:05:59 test_determinism 1 8.81 15.67 24
03:06:01 test_determinism 1 8.81 15.66 24
03:06:03 test_determinism 1 8.81 15.66 24
03:06:05 test_determinism 1 8.81 15.66 24
03:06:07 test_determinism 1 8.81 15.65 24
03:06:09 test_determinism 1 9.07 15.40 24
03:06:11 test_determinism 1 9.09 15.39 24
03:06:13 test_determinism 1 9.09 15.38 24
03:06:15 test_determinism 1 9.11 15.36 24
03:06:17 test_determinism 1 9.22 15.25 24
03:06:19 test_determinism 1 9.22 15.25 24
03:06:21 test_determinism 1 9.22 15.24 24
03:06:23 test_determinism 1 9.23 15.24 24
03:06:25 test_determinism 1 9.23 15.25 24
03:06:27 test_determinism 1 9.23 15.24 24
03:06:29 test_determinism 1 9.23 15.24 24
03:06:31 test_determinism 1 9.23 15.24 24
03:06:33 test_determinism 1 9.23 15.24 24
03:06:35 test_determinism 1 9.23 15.24 24
03:06:37 test_determinism 1 9.23 15.24 24
03:06:39 test_determinism 1 9.23 15.23 24
03:06:41 test_determinism 1 9.23 15.23 24
03:06:43 test_determinism 1 9.23 15.23 112
03:06:45 test_determinism 1 9.22 15.24 112
03:06:47 test_determinism 1 9.22 15.24 112
03:06:49 test_determinism 1 9.22 14.98 112
03:06:51 test_determinism 1 9.22 14.84 112
03:06:53 test_determinism 1 9.22 14.66 112
03:06:55 test_determinism 1 9.22 14.66 112
03:06:57 test_determinism 1 9.22 14.65 112
03:06:59 test_determinism 1 9.22 14.66 112
03:07:01 test_determinism 1 9.22 14.66 112
03:07:03 test_determinism 1 9.22 14.66 112
03:07:05 test_determinism 1 9.22 14.66 112
03:07:07 test_determinism 1 9.22 15.25 112
03:07:09 test_determinism 1 9.22 15.25 112
03:07:11 test_determinism 1 9.22 15.25 112
03:07:13 test_determinism 1 9.22 15.25 112
03:07:15 test_determinism 1 9.22 15.25 112
03:07:17 test_determinism 1 9.22 15.25 112
03:07:19 test_determinism 1 9.22 15.23 112
03:07:21 test_determinism 1 9.22 15.24 112
03:07:23 test_determinism 1 9.22 15.24 112
03:07:25 test_determinism 1 9.22 15.24 112
03:07:27 test_determinism 1 9.22 14.88 112
03:07:29 test_determinism 1 9.22 14.64 112
03:07:31 test_determinism 1 9.22 14.63 112
03:07:33 test_determinism 1 9.22 14.63 112
03:07:35 test_determinism 1 9.22 14.63 112
03:07:37 test_determinism 1 9.22 14.63 112
03:07:39 test_determinism 1 9.22 14.63 112
03:07:41 test_determinism 1 9.22 14.62 112
03:07:43 test_determinism 1 9.22 14.63 112
03:07:45 test_determinism 1 9.22 14.63 112
03:07:47 test_determinism 1 9.22 14.62 112
03:07:49 test_determinism 1 9.22 14.62 112
03:07:51 test_determinism 1 9.22 14.63 112
03:07:53 test_determinism 1 9.22 14.61 112
03:07:55 test_determinism 1 9.22 14.62 112
03:07:57 test_determinism 1 9.22 14.62 112
03:07:59 test_determinism 1 9.22 14.61 112
03:08:01 test_determinism 1 9.22 14.62 112
03:08:03 test_determinism 1 9.22 14.62 112
03:08:05 test_determinism 1 9.22 14.62 112
03:08:07 test_determinism 1 9.22 14.62 112
03:08:09 test_determinism 1 9.22 14.62 112
03:08:11 test_determinism 1 9.22 14.63 112
03:08:13 test_determinism 1 9.22 14.61 112
03:08:15 test_determinism 1 9.22 14.62 112
03:08:17 test_determinism 1 9.22 14.62 112
03:08:19 test_determinism 1 9.22 14.61 112
03:08:21 test_determinism 1 9.22 14.61 112
03:08:23 test_determinism 1 9.22 14.62 112
03:08:25 test_determinism 1 9.22 14.63 112
03:08:27 test_determinism 1 9.22 14.63 112
03:08:29 test_determinism 1 9.22 14.63 112
03:08:31 test_determinism 1 9.22 14.63 112
03:08:33 test_determinism 1 9.22 14.62 112
03:08:35 test_determinism 1 9.22 14.64 112
03:08:37 test_determinism 1 9.22 14.63 112
03:08:39 test_determinism 1 9.22 14.63 112
03:08:41 test_determinism 1 9.22 14.62 191
03:08:43 test_determinism 1 9.22 14.62 191
03:08:45 test_determinism 1 9.22 14.62 191
03:08:47 test_determinism 1 9.22 14.63 191
03:08:49 test_determinism 1 9.22 14.62 191
03:08:51 test_determinism 1 9.22 14.61 191
03:08:53 test_determinism 1 9.22 14.61 191
03:08:55 test_determinism 1 9.22 14.62 191
03:08:57 test_determinism 1 9.22 14.63 191
03:08:59 test_determinism 1 9.22 14.62 191
03:09:01 test_determinism 1 9.22 14.62 191
03:09:03 test_determinism 1 9.22 14.62 191
03:09:06 test_determinism 1 9.22 14.62 191
03:09:08 test_determinism 1 9.22 14.62 191
03:09:10 test_determinism 1 9.22 14.61 191
03:09:12 test_determinism 1 9.22 14.62 191
03:09:14 test_determinism 1 9.22 14.62 191
03:09:16 test_determinism 1 9.22 14.61 191
03:09:18 test_determinism 1 9.22 14.61 191
03:09:20 test_determinism 1 9.22 14.61 191
03:09:22 test_determinism 1 9.22 14.61 191
03:09:24 test_determinism 1 9.22 14.61 191
03:09:26 test_determinism 1 9.22 14.60 191
03:09:28 test_determinism 1 9.22 14.61 191
03:09:30 test_determinism 1 9.22 14.61 191
03:09:32 test_determinism 1 9.22 14.60 191
03:09:34 test_determinism 1 9.22 14.61 191
03:09:36 test_determinism 1 9.22 14.61 191
03:09:38 test_determinism 1 9.22 14.61 191
03:09:40 test_determinism 1 9.22 14.61 191
03:09:42 test_determinism 1 9.22 14.61 191
03:09:44 test_determinism 1 9.22 14.60 191
03:09:46 test_determinism 1 9.22 14.62 191
03:09:48 test_determinism 1 9.22 14.62 191
03:09:50 test_determinism 1 9.22 14.61 191
03:09:52 test_determinism 1 9.22 14.61 191
03:09:54 test_determinism 1 9.22 14.61 191
03:09:56 test_determinism 1 9.22 14.62 191
03:09:58 test_determinism 1 9.22 14.61 191
03:10:00 test_determinism 1 9.22 14.62 191
03:10:02 test_determinism 1 9.22 14.62 191
03:10:04 test_determinism 1 9.22 14.62 191
03:10:06 test_determinism 1 9.22 14.62 191
03:10:08 test_determinism 1 9.22 14.62 191
03:10:10 test_determinism 1 9.22 14.62 191
03:10:12 test_determinism 1 9.22 14.62 191
03:10:14 test_determinism 1 9.22 14.61 191
03:10:16 test_determinism 1 9.22 14.62 191
03:10:18 test_determinism 1 9.22 14.62 191
03:10:20 test_determinism 1 9.22 14.62 191
03:10:22 test_determinism 1 9.22 14.61 191
03:10:24 test_determinism 1 9.22 14.61 191
03:10:26 test_determinism 1 9.22 14.61 191
03:10:28 test_determinism 1 9.22 14.61 191
03:10:30 test_determinism 1 9.22 14.62 191
03:10:32 test_determinism 1 9.22 14.61 191
03:10:34 test_determinism 1 9.22 14.60 191
03:10:36 test_determinism 1 9.22 14.60 191
03:10:38 test_determinism 1 9.22 14.60 191
03:10:40 test_determinism 1 9.22 14.60 191
03:10:42 test_determinism 1 9.22 14.62 191
03:10:44 test_determinism 1 9.22 14.62 191
03:10:46 test_determinism 1 9.22 14.62 191
03:10:48 test_determinism 1 9.22 14.62 191
03:10:50 test_determinism 1 9.22 14.61 191
03:10:52 test_determinism 1 9.22 14.61 191
03:10:54 test_determinism 1 9.22 14.62 191
03:10:56 test_determinism 1 9.22 14.61 191
03:10:58 test_determinism 1 9.22 14.61 191
03:11:00 test_determinism 1 9.22 14.62 191
03:11:02 test_determinism 1 9.22 14.61 191
03:11:04 test_determinism 1 9.22 14.61 191
03:11:06 test_determinism 1 9.22 14.61 191
03:11:08 test_determinism 1 9.22 14.62 191
03:11:10 test_determinism 1 9.25 14.59 191
03:11:12 test_determinism 1 9.25 14.59 191
03:11:14 test_determinism 1 9.26 14.58 191
03:11:16 test_determinism 1 9.27 14.57 191
03:11:18 test_determinism 1 9.28 14.56 191
03:11:20 test_determinism 1 9.25 14.59 191
03:11:22 test_determinism 1 9.25 14.58 191
03:11:24 test_determinism 1 9.26 14.58 191
03:11:26 test_determinism 1 9.27 14.57 191
03:11:28 test_determinism 1 9.26 14.57 191
03:11:30 test_determinism 1 9.26 14.57 191
03:11:32 test_determinism 1 9.27 14.56 191
03:11:34 test_determinism 1 9.26 14.57 191
03:11:36 test_determinism 1 9.26 14.56 191
03:11:38 test_determinism 1 9.33 14.50 191
03:11:40 test_determinism 1 9.62 14.18 191
03:11:42 test_determinism 1 9.71 14.12 191
03:11:44 test_determinism 1 9.71 14.13 191
03:11:46 test_determinism 1 9.72 14.12 191
03:11:48 test_determinism 1 9.73 14.05 191
03:11:50 test_determinism 1 9.74 14.04 191
03:11:52 test_determinism 1 9.70 14.07 191
03:11:54 test_determinism 1 9.70 14.07 191
03:11:56 test_determinism 1 9.71 14.06 191
03:11:58 test_determinism 1 9.72 14.06 191
03:12:00 test_determinism 1 9.73 14.05 191
03:12:02 test_determinism 1 9.73 14.05 191
03:12:04 test_determinism 1 9.73 14.04 191
03:12:06 test_determinism 1 9.73 14.04 191
03:12:08 test_determinism 1 9.74 14.03 191
03:12:10 test_determinism 1 9.75 14.02 191
03:12:12 test_determinism 1 9.73 14.04 191
03:12:14 test_determinism 1 9.73 14.03 191
03:12:16 test_determinism 1 9.73 14.03 191
03:12:18 test_determinism 1 9.73 14.01 191
03:12:20 test_determinism 1 9.74 14.03 191
03:12:22 test_determinism 1 9.75 14.02 191
03:12:24 test_determinism 1 9.76 14.01 191
03:12:26 test_determinism 1 9.76 14.01 191
03:12:28 test_determinism 1 9.76 14.01 191
03:12:30 test_determinism 1 9.76 14.00 191
03:12:32 test_determinism 1 9.76 14.00 191
03:12:34 test_determinism 1 9.74 14.03 191
03:12:36 test_determinism 1 9.74 14.02 191
03:12:38 test_determinism 1 9.74 14.02 191
03:12:40 test_determinism 1 9.75 14.01 191
03:12:42 test_determinism 1 9.75 14.01 191
03:12:44 test_determinism 1 9.75 14.01 191
03:12:46 test_determinism 1 9.75 14.02 191
03:12:48 test_determinism 1 9.76 14.01 191
03:12:50 test_determinism 1 9.77 14.00 191
03:12:52 test_determinism 1 9.76 14.00 191
03:12:54 test_determinism 1 9.76 14.01 191
03:12:56 test_determinism 1 9.76 14.00 191
03:12:58 test_determinism 1 9.76 14.01 191
03:13:00 test_determinism 1 9.76 14.00 191
03:13:02 test_determinism 1 9.76 14.00 191
03:13:04 test_determinism 1 9.77 13.99 191
03:13:06 test_determinism 1 9.76 14.00 191
03:13:08 test_determinism 1 9.76 14.00 191
03:13:10 test_determinism 1 9.76 14.00 191
03:13:12 test_determinism 1 9.76 14.00 191
03:13:14 test_determinism 1 9.77 14.00 191
03:13:16 test_determinism 1 9.78 13.99 191
03:13:18 test_determinism 1 9.78 13.99 191
03:13:20 test_determinism 1 9.79 13.98 191
03:13:22 test_determinism 1 9.84 13.93 191
03:13:24 test_determinism 1 9.79 13.98 191
03:13:26 test_determinism 1 9.79 13.98 191
03:13:28 test_determinism 1 9.79 13.98 191
03:13:30 test_determinism 1 9.79 13.97 191
03:13:32 test_determinism 1 9.80 13.97 191
03:13:34 test_determinism 1 9.80 13.96 191
03:13:36 test_determinism 1 9.81 13.95 191
03:13:38 test_determinism 1 9.81 13.95 191
03:13:40 test_determinism 1 9.81 13.95 191
03:13:42 test_determinism 1 9.82 13.95 191
03:13:44 test_determinism 1 9.82 13.96 191
03:13:46 test_determinism 1 9.82 13.96 191
03:13:48 test_determinism 1 9.82 13.95 191
03:13:50 test_determinism 1 9.83 13.94 191
03:13:52 test_determinism 1 9.84 13.92 191
03:13:54 test_determinism 1 9.85 13.92 191
03:13:56 test_determinism 1 9.88 13.88 191
03:13:58 test_determinism 1 9.91 13.85 191
03:14:00 test_determinism 1 9.85 13.91 191
03:14:02 test_determinism 1 9.85 13.91 191
03:14:04 test_determinism 1 9.85 13.91 191
03:14:06 test_determinism 1 9.85 13.91 191
03:14:08 test_determinism 1 9.85 13.91 191
03:14:10 test_determinism 1 9.81 13.95 191
03:14:12 test_determinism 1 9.81 13.96 273
03:14:14 test_determinism 1 9.81 13.95 273
03:14:16 test_determinism 1 9.81 13.95 273
03:14:18 test_determinism 1 9.81 13.95 273
03:14:20 test_determinism 1 9.81 13.95 273
03:14:22 test_determinism 1 9.81 13.95 273
03:14:24 test_determinism 1 9.81 13.96 273
03:14:26 test_determinism 1 9.81 13.95 273
03:14:28 test_determinism 1 9.81 13.95 273
03:14:30 test_determinism 1 9.81 13.95 273
03:14:32 test_determinism 1 9.81 13.95 273
03:14:34 test_determinism 1 9.81 13.95 273
03:14:36 test_determinism 1 9.81 13.95 273
03:14:38 test_determinism 1 9.81 13.95 273
03:14:40 test_determinism 1 9.81 13.95 273
03:14:42 test_determinism 1 9.81 13.95 273
03:14:44 test_determinism 1 9.81 13.95 273
03:14:46 test_determinism 1 9.81 13.95 273
03:14:48 test_determinism 1 9.81 13.95 273
03:14:50 test_determinism 1 9.81 13.95 273
03:14:52 test_determinism 1 9.81 13.95 273
03:14:54 test_determinism 1 9.81 13.95 273
03:14:56 test_determinism 1 9.81 13.95 273
03:14:58 test_determinism 1 9.81 13.95 273
03:15:00 test_determinism 1 9.81 13.95 273
03:15:02 test_determinism 1 9.81 13.95 273
03:15:04 test_determinism 1 9.81 13.95 273
03:15:06 test_determinism 1 9.81 13.95 273
03:15:08 test_determinism 1 9.81 13.95 273
03:15:10 test_determinism 1 9.81 13.96 273
03:15:12 test_determinism 1 9.81 13.96 273
03:15:14 test_determinism 1 9.81 13.95 273
03:15:16 test_determinism 1 9.81 13.94 273
03:15:18 test_determinism 1 9.81 13.94 273
03:15:20 test_determinism 1 9.81 13.94 273
03:15:22 test_determinism 1 9.81 13.94 273
03:15:24 test_determinism 1 9.81 13.94 273
03:15:26 test_determinism 1 9.81 13.94 273
03:15:28 test_determinism 1 9.81 13.94 273
03:15:30 test_determinism 1 9.81 13.94 273
03:15:32 test_determinism 1 9.81 13.94 273
03:15:34 test_determinism 1 9.81 13.94 273
03:15:36 test_determinism 1 9.81 13.94 273
03:15:38 test_determinism 1 9.81 13.94 273
03:15:40 test_determinism 1 9.81 13.95 273
03:15:42 test_determinism 1 9.81 13.95 273
03:15:44 test_determinism 1 9.81 13.94 273
03:15:46 test_determinism 1 9.81 13.94 273
03:15:48 test_determinism 1 9.81 13.94 273
03:15:50 test_determinism 1 9.81 13.94 273
03:15:52 test_determinism 1 9.81 13.94 273
03:15:54 test_determinism 1 9.81 13.94 273
03:15:56 test_determinism 1 9.81 13.94 273
03:15:58 test_determinism 1 9.81 13.94 273
03:16:00 test_determinism 1 9.81 13.94 273
03:16:02 test_determinism 1 9.81 13.94 273
03:16:04 test_determinism 1 9.81 13.94 273
03:16:06 test_determinism 1 9.81 13.94 273
03:16:08 test_determinism 1 9.81 13.94 273
03:16:10 test_determinism 1 9.81 13.93 273
03:16:12 test_determinism 1 9.81 13.94 273
03:16:14 test_determinism 1 9.81 13.93 273
03:16:16 test_determinism 1 9.81 13.93 273
03:16:18 test_determinism 1 9.81 13.94 273
03:16:20 test_determinism 1 9.81 13.94 273
03:16:22 test_determinism 1 9.81 13.94 273
03:16:24 test_determinism 2 10.02 13.79 386
03:16:26 test_determinism 2 10.02 13.79 386
03:16:28 test_determinism 2 10.02 13.79 386
03:16:30 test_determinism 2 10.02 13.79 386
03:16:32 test_determinism 2 10.02 13.79 386
03:16:34 test_determinism 2 10.02 13.79 386
03:16:36 test_determinism 2 10.02 13.79 386
03:16:38 test_determinism 2 10.02 13.79 386
03:16:40 test_determinism 2 10.04 13.77 386
03:16:42 test_determinism 2 10.05 13.76 386
03:16:44 test_determinism 2 10.05 13.76 386
03:16:46 test_determinism 2 10.06 13.76 386
03:16:49 test_determinism 2 10.14 13.68 386
03:16:51 test_determinism 2 10.14 13.68 386
03:16:53 test_determinism 2 10.22 13.60 386
03:16:55 test_determinism 2 10.29 13.53 386
03:16:57 test_determinism 2 10.50 13.32 386
03:16:59 test_determinism 2 10.50 13.32 386
03:17:01 test_determinism 2 10.64 13.18 386
03:17:03 test_determinism 2 10.64 13.18 386
03:17:05 test_determinism 2 10.65 13.17 386
03:17:07 test_determinism 2 10.94 12.87 386
03:17:09 test_determinism 2 11.10 12.72 386
03:17:11 test_determinism 2 11.36 12.46 386
03:17:13 test_determinism 2 11.52 12.29 386
03:17:15 test_determinism 2 11.52 12.28 386
03:17:17 test_determinism 2 11.52 12.28 386
03:17:19 test_determinism 2 11.75 12.07 386
03:17:21 test_determinism 2 12.07 11.74 386
03:17:23 test_determinism 2 12.15 11.66 386
03:17:25 test_determinism 2 12.32 11.50 386
03:17:27 test_determinism 2 12.39 11.42 386
03:17:29 test_determinism 2 12.62 11.19 386
03:17:31 test_determinism 2 12.84 10.97 386
03:17:33 test_determinism 2 12.86 10.95 386
03:17:35 test_determinism 2 13.03 10.78 386
03:17:37 test_determinism 2 13.35 10.46 386
03:17:39 test_determinism 2 13.36 10.45 386
03:17:41 test_determinism 2 13.62 10.19 386
03:17:43 test_determinism 2 13.82 9.98 386
03:17:45 test_determinism 2 13.91 9.90 386
03:17:47 test_determinism 2 14.01 9.80 386
03:17:49 test_determinism 2 14.26 9.55 386
03:17:51 test_determinism 2 14.29 9.53 386
03:17:53 test_determinism 2 14.30 9.51 386
03:17:55 test_determinism 2 14.31 9.50 386
03:17:57 test_determinism 2 14.31 9.50 386
03:17:59 test_determinism 2 14.54 9.27 386
03:18:01 test_determinism 2 14.61 9.20 386
03:18:03 test_determinism 2 14.63 9.18 386
03:18:05 test_determinism 2 14.76 9.03 386
03:18:07 test_determinism 2 14.77 9.03 386
03:18:09 test_determinism 2 14.78 9.02 386
03:18:11 test_determinism 2 14.79 9.01 386
03:18:13 test_determinism 2 14.79 9.01 386
03:18:15 test_determinism 2 14.79 9.01 386
03:18:17 test_determinism 2 14.79 9.00 386
03:18:19 test_determinism 2 14.80 9.00 386
03:18:21 test_determinism 2 14.80 9.00 386
03:18:23 test_determinism 2 14.80 9.00 386
03:18:25 test_determinism 2 14.80 9.00 386
03:18:27 test_determinism 2 14.80 9.01 386
03:18:29 test_determinism 2 14.80 9.01 386
03:18:31 test_determinism 2 14.80 9.00 386
03:18:33 test_determinism 2 14.80 9.00 386
03:18:35 test_determinism 2 14.80 9.00 386
03:18:37 test_determinism 2 14.80 9.00 386
03:18:39 test_determinism 2 14.85 8.95 386
03:18:41 test_determinism 2 15.01 8.79 386
03:18:43 test_determinism 2 15.03 8.77 386
03:18:45 test_determinism 2 15.04 8.76 386
03:18:47 test_determinism 2 15.04 8.76 386
03:18:49 test_determinism 2 15.10 8.70 386
03:18:51 test_determinism 2 15.14 8.66 386
03:18:53 test_determinism 2 15.12 8.68 386
03:18:55 test_determinism 2 15.12 8.67 386
03:18:57 test_determinism 2 15.12 8.67 386
03:18:59 test_determinism 2 15.02 8.78 386
03:19:01 test_determinism 2 15.02 8.78 386
03:19:03 test_determinism 2 10.02 13.79 386
03:19:05 test_determinism 2 10.02 13.79 386
03:19:07 test_determinism 2 10.02 13.79 386
03:19:09 test_determinism 2 10.02 13.79 386
03:19:11 test_determinism 2 10.02 13.79 386
03:19:13 test_determinism 2 10.02 13.79 386
03:19:15 test_determinism 2 10.02 13.78 386
03:19:17 test_determinism 2 10.02 13.78 386
03:19:19 test_determinism 2 10.05 13.76 386
03:19:21 test_determinism 2 10.05 13.75 386
03:19:23 test_determinism 2 10.06 13.74 386
03:19:25 test_determinism 2 10.06 13.74 386
03:19:27 test_determinism 2 10.13 13.68 386
03:19:29 test_determinism 2 10.22 13.60 386
03:19:31 test_determinism 2 10.29 13.52 386
03:19:33 test_determinism 2 10.48 13.33 386
03:19:35 test_determinism 2 10.49 13.32 386
03:19:37 test_determinism 2 10.63 13.17 386
03:19:39 test_determinism 2 10.63 13.18 386
03:19:41 test_determinism 2 10.64 13.17 386
03:19:43 test_determinism 2 10.76 13.04 386
03:19:45 test_determinism 2 11.09 12.72 386
03:19:47 test_determinism 2 11.23 12.58 386
03:19:49 test_determinism 2 11.44 12.36 386
03:19:51 test_determinism 2 11.52 12.28 386
03:19:53 test_determinism 2 11.52 12.28 386
03:19:55 test_determinism 2 11.55 12.25 386
03:19:57 test_determinism 2 11.92 11.88 386
03:19:59 test_determinism 2 12.13 11.67 386
03:20:01 test_determinism 2 12.27 11.53 386
03:20:03 test_determinism 2 12.36 11.43 386
03:20:05 test_determinism 2 12.47 11.32 386
03:20:07 test_determinism 2 12.76 11.03 386
03:20:09 test_determinism 2 12.86 10.95 386
03:20:11 test_determinism 2 12.98 10.82 386
03:20:13 test_determinism 2 13.26 10.54 386
03:20:15 test_determinism 2 13.36 10.45 386
03:20:17 test_determinism 2 13.50 10.30 386
03:20:19 test_determinism 2 13.76 10.04 386
03:20:21 test_determinism 2 13.87 9.94 386
03:20:23 test_determinism 2 14.01 9.80 386
03:20:25 test_determinism 2 14.14 9.66 386
03:20:27 test_determinism 2 14.28 9.52 386
03:20:29 test_determinism 2 14.29 9.51 386
03:20:31 test_determinism 2 14.30 9.49 386
03:20:33 test_determinism 2 14.30 9.50 386
03:20:35 test_determinism 2 14.48 9.31 386
03:20:37 test_determinism 2 14.61 9.20 386
03:20:39 test_determinism 2 14.62 9.19 386
03:20:41 test_determinism 2 14.76 9.05 386
03:20:43 test_determinism 2 14.76 9.04 386
03:20:45 test_determinism 2 14.78 9.03 386
03:20:47 test_determinism 2 14.79 9.01 386
03:20:49 test_determinism 2 14.79 9.02 386
03:20:51 test_determinism 2 14.79 9.02 386
03:20:53 test_determinism 2 14.79 9.02 386
03:20:55 test_determinism 2 14.79 9.01 386
03:20:57 test_determinism 2 14.79 9.00 386
03:20:59 test_determinism 2 14.79 9.01 386
03:21:01 test_determinism 2 14.79 9.01 386
03:21:03 test_determinism 2 14.79 9.01 386
03:21:05 test_determinism 2 14.79 9.01 386
03:21:07 test_determinism 2 14.80 9.00 386
03:21:09 test_determinism 2 14.80 9.00 386
03:21:11 test_determinism 2 14.80 9.00 386
03:21:13 test_determinism 2 14.80 9.00 386
03:21:15 test_determinism 2 14.88 8.91 386
03:21:17 test_determinism 2 15.01 8.78 386
03:21:19 test_determinism 2 15.03 8.78 386
03:21:21 test_determinism 2 15.03 8.77 386
03:21:23 test_determinism 2 15.04 8.77 386
03:21:25 test_determinism 2 15.10 8.71 386
03:21:27 test_determinism 2 15.12 8.68 386
03:21:29 test_determinism 2 15.12 8.69 386
03:21:31 test_determinism 2 15.12 8.68 386
03:21:33 test_determinism 2 15.12 8.68 386
03:21:35 test_determinism 2 15.01 8.79 386
03:21:37 test_determinism 2 15.00 8.81 386
03:21:39 test_determinism 2 10.02 13.79 386
03:21:41 test_determinism 2 10.02 13.79 386
03:21:43 test_determinism 2 10.02 13.78 386
03:21:45 test_determinism 2 10.02 13.78 386
03:21:47 test_determinism 2 10.02 13.78 386
03:21:49 test_determinism 2 10.02 13.77 386
03:21:51 test_determinism 2 10.02 13.78 386
03:21:53 test_determinism 2 10.02 13.78 386
03:21:55 test_determinism 2 10.02 13.78 386
03:21:57 test_determinism 2 10.02 13.78 386
03:21:59 test_determinism 2 10.02 13.78 386
03:22:01 test_determinism 2 10.02 13.78 386
03:22:03 test_determinism 2 10.02 13.78 386
03:22:05 test_determinism 2 10.07 13.74 386
03:22:07 test_determinism 2 10.09 13.72 386
03:22:09 test_determinism 2 10.10 13.70 386
03:22:11 test_determinism 2 10.18 13.62 386
03:22:13 test_determinism 2 10.19 13.61 386
03:22:15 test_determinism 2 10.47 13.33 386
03:22:17 test_determinism 2 10.65 13.16 386
03:22:19 test_determinism 2 11.07 12.73 386
03:22:21 test_determinism 2 11.09 12.71 386
03:22:23 test_determinism 2 11.31 12.49 386
03:22:25 test_determinism 2 11.47 12.33 386
03:22:27 test_determinism 2 11.67 12.14 386
03:22:29 test_determinism 2 11.70 12.11 386
03:22:31 test_determinism 2 11.84 11.97 386
03:22:33 test_determinism 2 11.97 11.84 386
03:22:35 test_determinism 2 12.03 11.78 386
03:22:37 test_determinism 2 12.12 11.69 386
03:22:39 test_determinism 2 12.35 11.46 386
03:22:41 test_determinism 2 12.57 11.24 386
03:22:43 test_determinism 2 12.58 11.23 386
03:22:45 test_determinism 2 12.64 11.16 386
03:22:47 test_determinism 2 12.76 11.04 386
03:22:49 test_determinism 2 12.77 11.02 386
03:22:51 test_determinism 2 12.79 11.01 386
03:22:53 test_determinism 2 12.79 11.01 386
03:22:55 test_determinism 2 12.78 11.02 386
03:22:57 test_determinism 2 12.78 11.02 386
03:22:59 test_determinism 2 12.78 11.02 386
03:23:01 test_determinism 2 12.79 11.01 386
03:23:03 test_determinism 2 12.79 11.02 386
03:23:05 test_determinism 2 12.79 11.02 386
03:23:07 test_determinism 2 12.79 11.02 386
03:23:09 test_determinism 2 12.79 11.01 386
03:23:11 test_determinism 2 12.80 11.00 386
03:23:13 test_determinism 2 12.80 11.01 386
03:23:15 test_determinism 2 12.80 11.01 386
03:23:17 test_determinism 2 12.80 11.00 386
03:23:19 test_determinism 2 12.81 10.99 386
03:23:21 test_determinism 2 12.85 10.95 386
03:23:23 test_determinism 2 12.87 10.93 386
03:23:25 test_determinism 2 12.90 10.90 386
03:23:27 test_determinism 2 12.92 10.89 386
03:23:29 test_determinism 2 13.03 10.78 386
03:23:31 test_determinism 2 13.09 10.71 386
03:23:33 test_determinism 2 13.28 10.53 386
03:23:35 test_determinism 2 13.29 10.52 386
03:23:37 test_determinism 2 13.28 10.52 386
03:23:39 test_determinism 2 13.29 10.52 386
03:23:41 test_determinism 2 13.29 10.52 386
03:23:43 test_determinism 2 13.30 10.50 386
03:23:45 test_determinism 2 13.29 10.51 386
03:23:47 test_determinism 2 13.32 10.49 386
03:23:49 test_determinism 2 13.32 10.48 386
03:23:51 test_determinism 2 13.34 10.47 386
03:23:53 test_determinism 2 13.33 10.48 386
03:23:55 test_determinism 2 13.33 10.48 386
03:23:57 test_determinism 2 13.33 10.47 386
03:23:59 test_determinism 2 13.31 10.48 386
03:24:01 test_determinism 1 9.81 13.92 541
03:24:03 test_determinism 1 9.81 13.92 541
03:24:05 test_determinism 1 9.79 13.95 541
03:24:08 test_determinism 0 0.00 23.71 541
03:24:10 test_determinism 1 0.27 23.50 542
03:24:12 test_determinism 1 0.30 23.34 542
03:24:14 test_terrain 1 0.30 23.46 561
03:24:16 test_terrain 1 0.30 23.46 561
03:24:18 test_terrain 1 0.30 23.46 561
03:24:20 test_terrain 1 0.30 23.46 561
03:24:22 test_terrain 1 0.30 23.46 561
03:24:24 test_terrain 1 0.30 23.46 561
03:24:26 test_terrain 1 0.30 23.46 561
03:24:28 test_terrain 1 0.30 23.46 561
03:24:30 test_terrain 1 0.30 23.46 561
03:24:32 test_terrain 1 0.30 23.46 561
03:24:34 test_terrain 1 0.30 23.46 561
03:24:36 test_terrain 1 0.30 23.46 561
03:24:38 test_terrain 1 0.30 23.46 561
03:24:40 test_terrain 1 0.41 23.36 561
03:24:42 test_terrain 1 0.41 23.36 561
03:24:44 test_terrain 1 0.48 23.29 561
03:24:46 test_terrain 1 0.62 23.15 561
03:24:48 test_terrain 1 0.79 22.98 561
03:24:50 test_terrain 1 0.80 22.97 561
03:24:52 test_terrain 1 0.80 22.97 561
03:24:54 test_terrain 1 1.14 22.62 561
03:24:56 test_terrain 1 1.35 22.42 561
03:24:58 test_terrain 1 1.52 22.25 561
03:25:00 test_terrain 1 1.52 22.25 561
03:25:02 test_terrain 1 1.75 22.02 561
03:25:04 test_terrain 1 1.93 21.83 561
03:25:06 test_terrain 1 2.02 21.74 561
03:25:08 test_terrain 1 2.09 21.68 561
03:25:10 test_terrain 1 2.35 21.42 561
03:25:12 test_terrain 1 2.62 21.15 561
03:25:14 test_terrain 1 2.77 20.99 561
03:25:16 test_terrain 1 2.81 20.96 561
03:25:18 test_terrain 1 2.82 20.95 561
03:25:20 test_terrain 1 2.90 20.87 561
03:25:22 test_terrain 1 3.10 20.67 561
03:25:24 test_terrain 1 3.19 20.58 561
03:25:26 test_terrain 1 3.20 20.57 561
03:25:28 test_terrain 1 3.52 20.24 561
03:25:30 test_terrain 1 3.65 20.11 561
03:25:32 test_terrain 1 3.66 20.10 561
03:25:34 test_terrain 1 3.68 20.08 561
03:25:36 test_terrain 1 3.78 19.98 561
03:25:38 test_terrain 1 3.86 19.90 561
03:25:40 test_terrain 1 3.87 19.89 561
03:25:42 test_terrain 1 3.90 19.85 561
03:25:44 test_terrain 1 3.88 19.88 561
03:25:46 test_terrain 1 3.95 19.81 561
03:25:48 test_terrain 1 4.24 19.53 561
03:25:50 test_terrain 1 4.35 19.41 561
03:25:52 test_terrain 1 4.61 19.16 561
03:25:54 test_terrain 1 4.80 18.97 561
03:25:56 test_terrain 1 4.80 18.97 561
03:25:58 test_terrain 1 4.81 18.95 561
03:26:00 test_terrain 1 4.82 18.94 561
03:26:02 test_terrain 1 4.81 18.95 561
03:26:04 test_terrain 1 4.81 18.95 561
03:26:06 test_terrain 1 4.81 18.95 561
03:26:08 test_terrain 1 4.82 18.94 561
03:26:10 test_terrain 1 4.83 18.93 561
03:26:12 test_terrain 1 4.82 18.94 561
03:26:14 test_terrain 1 4.82 18.93 561
03:26:16 test_terrain 1 4.82 18.93 561
03:26:18 test_terrain 1 4.81 18.95 561
03:26:20 test_terrain 1 4.92 18.85 561
03:26:22 test_terrain 1 5.03 18.73 561
03:26:24 test_terrain 1 5.45 18.31 561
03:26:26 test_terrain 1 5.46 18.30 561
03:26:28 test_terrain 1 5.46 18.30 561
03:26:30 test_terrain 1 5.57 18.20 561
03:26:32 test_terrain 1 5.75 18.01 561
03:26:34 test_terrain 1 5.98 17.78 561
03:26:36 test_terrain 1 6.11 17.65 561
03:26:38 test_terrain 1 6.16 17.60 561
03:26:40 test_terrain 1 6.23 17.53 561
03:26:42 test_terrain 1 6.25 17.51 561
03:26:44 test_terrain 1 6.30 17.46 561
03:26:46 test_terrain 1 6.32 17.44 561
03:26:48 test_terrain 1 6.30 17.45 561
03:26:50 test_terrain 1 6.31 17.46 561
03:26:52 test_terrain 1 6.32 17.45 561
03:26:54 test_terrain 1 6.33 17.44 561
03:26:56 test_terrain 1 6.33 17.44 561
03:26:58 test_terrain 1 6.48 17.28 561
03:27:00 test_terrain 1 6.49 17.27 561
03:27:02 test_terrain 1 6.50 17.26 561
03:27:04 test_terrain 1 6.51 17.25 561
03:27:06 test_terrain 1 6.51 17.24 561
03:27:08 test_terrain 1 6.62 17.14 561
03:27:10 test_terrain 1 6.83 16.92 561
03:27:12 test_terrain 1 6.84 16.92 561
03:27:14 test_terrain 1 6.85 16.91 561
03:27:16 test_terrain 1 6.85 16.90 561
03:27:18 test_terrain 1 6.85 16.91 561
03:27:20 test_terrain 1 6.86 16.89 561
03:27:22 test_terrain 1 7.28 16.48 561
03:27:24 test_terrain 1 7.51 16.25 561
03:27:26 test_terrain 1 7.75 16.01 561
03:27:28 test_terrain 1 7.75 16.01 561
03:27:30 test_terrain 1 7.76 16.00 561
03:27:32 test_terrain 1 7.76 16.00 561
03:27:34 test_terrain 1 7.77 15.99 561
03:27:36 test_terrain 1 7.78 15.98 561
03:27:38 test_terrain 1 7.79 15.97 561
03:27:40 test_terrain 1 7.79 15.97 561
03:27:42 test_terrain 1 7.84 15.91 561
03:27:44 test_terrain 1 7.96 15.80 561
03:27:46 test_terrain 1 7.97 15.78 561
03:27:48 test_terrain 1 7.98 15.78 561
03:27:50 test_terrain 1 7.98 15.78 561
03:27:52 test_terrain 1 7.98 15.78 561
03:27:54 test_terrain 1 7.98 15.78 561
03:27:56 test_terrain 1 7.99 15.77 561
03:27:58 test_terrain 1 8.00 15.76 561
03:28:00 test_terrain 1 8.00 15.76 561
03:28:02 test_terrain 1 8.28 15.48 561
03:28:04 test_terrain 1 8.61 15.15 561
03:28:06 test_terrain 1 8.63 15.13 561
03:28:08 test_terrain 1 8.64 15.12 561
03:28:10 test_terrain 1 8.64 15.12 561
03:28:12 test_terrain 1 8.64 15.12 561
03:28:14 test_terrain 1 8.64 15.11 561
03:28:16 test_terrain 1 8.65 15.11 561
03:28:18 test_terrain 1 8.66 15.09 561
03:28:20 test_terrain 1 8.66 15.09 561
03:28:22 test_terrain 1 8.66 15.09 561
03:28:24 test_terrain 1 8.66 15.08 561
03:28:26 test_terrain 1 8.66 15.08 561
03:28:28 test_terrain 1 8.66 15.08 561
03:28:30 test_terrain 1 8.67 15.08 561
03:28:32 test_terrain 1 8.66 15.08 561
03:28:34 test_terrain 1 8.66 15.07 561
03:28:36 test_terrain 1 8.66 15.09 561
03:28:38 test_terrain 1 8.66 15.09 561
03:28:40 test_terrain 1 8.66 15.09 561
03:28:42 test_terrain 1 8.66 15.09 561
03:28:44 test_terrain 1 8.66 15.09 561
03:28:46 test_terrain 1 8.66 15.09 561
03:28:48 test_terrain 1 8.66 15.09 561
03:28:50 test_terrain 1 8.66 15.09 561
03:28:52 test_terrain 1 8.66 15.09 561
03:28:54 test_terrain 1 8.66 15.09 561
03:28:56 test_terrain 1 8.66 15.09 561
03:28:58 test_terrain 1 8.66 15.09 561
03:29:00 test_terrain 1 8.66 15.09 561
03:29:02 test_terrain 1 8.66 15.08 561
03:29:04 test_terrain 1 8.66 15.08 561
03:29:06 test_terrain 1 8.66 15.08 561
03:29:08 test_terrain 1 8.66 15.10 561
03:29:10 test_terrain 1 8.66 15.10 561
03:29:12 test_terrain 1 8.66 15.10 561
03:29:14 test_terrain 1 8.66 15.10 561
03:29:16 test_terrain 1 8.66 15.09 561
03:29:18 test_terrain 1 8.66 15.09 561
03:29:20 test_terrain 1 8.66 15.10 561
03:29:22 test_terrain 1 8.66 15.10 561
03:29:24 test_terrain 1 8.66 15.10 561
03:29:26 test_terrain 1 8.66 15.09 561
03:29:28 test_terrain 1 8.66 15.09 561
03:29:30 test_terrain 1 8.66 15.09 561
03:29:32 test_terrain 1 8.66 15.09 561
03:29:34 test_terrain 1 8.66 15.09 561
03:29:36 test_terrain 1 8.67 15.09 561
03:29:38 test_terrain 1 8.67 15.10 561
03:29:40 test_terrain 1 8.67 15.09 561
03:29:42 test_terrain 1 8.67 15.09 561
03:29:44 test_terrain 1 8.67 15.09 561
03:29:46 test_terrain 1 8.67 15.09 561
03:29:48 test_terrain 1 8.68 15.08 561
03:29:50 test_terrain 1 8.67 15.09 561
03:29:52 test_terrain 1 8.67 15.09 561
03:29:54 test_terrain 1 8.67 15.09 561
03:29:56 test_terrain 1 8.67 15.09 561
03:29:58 test_terrain 1 8.67 15.09 561
03:30:00 test_terrain 1 8.67 15.09 561
03:30:02 test_terrain 1 8.67 15.08 561
03:30:04 test_terrain 1 8.67 15.08 561
03:30:06 test_terrain 1 8.67 15.08 561
03:30:08 test_terrain 1 8.67 15.08 561
03:30:10 test_terrain 1 8.67 15.09 561
03:30:12 test_terrain 1 8.67 15.09 561
03:30:14 test_terrain 1 8.67 15.09 561
03:30:16 test_terrain 1 8.67 15.09 561
03:30:18 test_terrain 1 8.67 15.09 561
03:30:20 test_terrain 1 8.67 15.09 561
03:30:22 test_terrain 1 8.66 15.09 652
03:30:24 test_terrain 1 8.66 15.09 652
03:30:26 test_terrain 1 8.66 15.10 652
03:30:28 test_terrain 1 8.66 15.09 652
03:30:30 test_terrain 1 8.66 15.09 652
03:30:32 test_terrain 1 8.66 15.09 652
03:30:34 test_terrain 1 8.66 15.09 652
03:30:36 test_terrain 1 8.66 15.09 652
03:30:38 test_terrain 1 8.66 15.09 652
03:30:40 test_terrain 1 8.66 15.09 652
03:30:42 test_terrain 1 8.66 15.08 652
03:30:44 test_terrain 1 8.66 15.08 652
03:30:46 test_terrain 1 8.66 15.08 652
03:30:48 test_terrain 1 8.66 15.08 652
03:30:50 test_terrain 1 8.66 15.08 652
03:30:52 test_terrain 1 8.66 15.08 652
03:30:54 test_terrain 1 8.66 15.08 652
03:30:56 test_terrain 1 8.66 15.10 652
03:30:58 test_terrain 1 8.66 15.10 652
03:31:00 test_terrain 1 8.66 15.10 652
03:31:02 test_terrain 2 8.87 14.95 733
03:31:04 test_terrain 2 8.87 14.94 733
03:31:06 test_terrain 2 8.87 14.95 733
03:31:08 test_terrain 2 8.87 14.95 733
03:31:10 test_terrain 2 8.87 14.95 733
03:31:12 test_terrain 2 8.87 14.94 733
03:31:14 test_terrain 2 8.87 14.94 733
03:31:16 test_terrain 2 8.87 14.94 733
03:31:18 test_terrain 2 8.89 14.92 733
03:31:20 test_terrain 2 8.90 14.91 733
03:31:22 test_terrain 2 8.90 14.91 733
03:31:24 test_terrain 2 8.91 14.91 733
03:31:26 test_terrain 2 8.98 14.84 733
03:31:28 test_terrain 2 8.98 14.83 733
03:31:30 test_terrain 2 9.07 14.75 733
03:31:32 test_terrain 2 9.14 14.67 733
03:31:35 test_terrain 2 9.34 14.47 733
03:31:37 test_terrain 2 9.34 14.47 733
03:31:39 test_terrain 2 9.48 14.33 733
03:31:41 test_terrain 2 9.48 14.33 733
03:31:43 test_terrain 2 9.50 14.31 733
03:31:45 test_terrain 2 9.74 14.07 733
03:31:47 test_terrain 2 9.94 13.87 733
03:31:49 test_terrain 2 10.09 13.72 733
03:31:51 test_terrain 2 10.35 13.46 733
03:31:53 test_terrain 2 10.37 13.44 733
03:31:55 test_terrain 2 10.37 13.44 733
03:31:57 test_terrain 2 10.45 13.36 733
03:31:59 test_terrain 2 10.82 13.00 733
03:32:01 test_terrain 2 10.98 12.84 733
03:32:03 test_terrain 2 11.12 12.70 733
03:32:05 test_terrain 2 11.21 12.60 733
03:32:07 test_terrain 2 11.33 12.48 733
03:32:09 test_terrain 2 11.61 12.20 733
03:32:11 test_terrain 2 11.70 12.10 733
03:32:13 test_terrain 2 11.82 11.98 733
03:32:15 test_terrain 2 12.09 11.71 733
03:32:17 test_terrain 2 12.21 11.60 733
03:32:19 test_terrain 2 12.34 11.47 733
03:32:21 test_terrain 2 12.59 11.22 733
03:32:23 test_terrain 2 12.70 11.11 733
03:32:25 test_terrain 2 12.85 10.96 733
03:32:27 test_terrain 2 12.86 10.95 733
03:32:29 test_terrain 2 13.12 10.69 733
03:32:31 test_terrain 2 13.14 10.68 733
03:32:33 test_terrain 2 13.15 10.66 733
03:32:35 test_terrain 2 13.15 10.65 733
03:32:37 test_terrain 2 13.22 10.59 733
03:32:39 test_terrain 2 13.41 10.40 733
03:32:41 test_terrain 2 13.46 10.34 733
03:32:43 test_terrain 2 13.47 10.33 733
03:32:45 test_terrain 2 13.61 10.19 733
03:32:47 test_terrain 2 13.62 10.19 733
03:32:49 test_terrain 2 13.63 10.17 733
03:32:51 test_terrain 2 13.64 10.16 733
03:32:53 test_terrain 2 13.64 10.17 733
03:32:55 test_terrain 2 13.64 10.17 733
03:32:57 test_terrain 2 13.64 10.17 733
03:32:59 test_terrain 2 13.64 10.17 733
03:33:01 test_terrain 2 13.64 10.16 733
03:33:03 test_terrain 2 13.64 10.16 733
03:33:05 test_terrain 2 13.64 10.16 733
03:33:07 test_terrain 2 13.64 10.16 733
03:33:09 test_terrain 2 13.64 10.16 733
03:33:11 test_terrain 2 13.64 10.16 733
03:33:13 test_terrain 2 13.65 10.15 733
03:33:15 test_terrain 2 13.65 10.15 733
03:33:17 test_terrain 2 13.65 10.15 733
03:33:19 test_terrain 2 13.65 10.15 733
03:33:21 test_terrain 2 13.84 9.95 733
03:33:23 test_terrain 2 13.88 9.92 733
03:33:25 test_terrain 2 13.88 9.92 733
03:33:27 test_terrain 2 13.89 9.91 733
03:33:29 test_terrain 2 13.89 9.90 733
03:33:31 test_terrain 2 13.95 9.84 733
03:33:33 test_terrain 2 13.97 9.83 733
03:33:35 test_terrain 2 13.97 9.82 733
03:33:37 test_terrain 2 13.85 9.94 733
03:33:39 test_terrain 2 8.66 10.64 733
03:33:41 test_terrain 2 8.87 14.95 733
03:33:43 test_terrain 2 8.87 14.95 733
03:33:45 test_terrain 2 8.87 14.95 733
03:33:47 test_terrain 2 8.87 14.95 733
03:33:49 test_terrain 2 8.87 14.95 733
03:33:51 test_terrain 2 8.87 14.95 733
03:33:53 test_terrain 2 8.87 14.95 733
03:33:55 test_terrain 2 8.87 14.95 733
03:33:57 test_terrain 2 8.90 14.92 733
03:33:59 test_terrain 2 8.90 14.92 733
03:34:01 test_terrain 2 8.91 14.91 733
03:34:03 test_terrain 2 8.94 14.88 733
03:34:05 test_terrain 2 8.98 14.83 733
03:34:07 test_terrain 2 9.07 14.76 733
03:34:09 test_terrain 2 9.14 14.69 733
03:34:11 test_terrain 2 9.32 14.50 733
03:34:13 test_terrain 2 9.34 14.48 733
03:34:15 test_terrain 2 9.48 14.34 733
03:34:17 test_terrain 2 9.48 14.34 733
03:34:19 test_terrain 2 9.49 14.33 733
03:34:21 test_terrain 2 9.55 14.26 733
03:34:23 test_terrain 2 9.93 13.88 733
03:34:25 test_terrain 2 9.97 13.85 733
03:34:27 test_terrain 2 10.20 13.61 733
03:34:29 test_terrain 2 10.36 13.45 733
03:34:31 test_terrain 2 10.37 13.44 733
03:34:33 test_terrain 2 10.37 13.45 733
03:34:35 test_terrain 2 10.65 13.17 733
03:34:37 test_terrain 2 10.93 12.89 733
03:34:39 test_terrain 2 11.02 12.80 733
03:34:41 test_terrain 2 11.16 12.65 733
03:34:43 test_terrain 2 11.26 12.56 733
03:34:45 test_terrain 2 11.48 12.33 733
03:34:47 test_terrain 2 11.70 12.11 733
03:34:49 test_terrain 2 11.70 12.11 733
03:34:51 test_terrain 2 11.88 11.93 733
03:34:53 test_terrain 2 12.20 11.61 733
03:34:55 test_terrain 2 12.21 11.61 733
03:34:57 test_terrain 2 12.46 11.35 733
03:34:59 test_terrain 2 12.64 11.17 733
03:35:01 test_terrain 2 12.74 11.07 733
03:35:03 test_terrain 2 12.85 10.96 733
03:35:05 test_terrain 2 13.04 10.77 733
03:35:07 test_terrain 2 13.13 10.67 733
03:35:09 test_terrain 2 13.14 10.66 733
03:35:11 test_terrain 2 13.15 10.65 733
03:35:13 test_terrain 2 13.15 10.66 733
03:35:15 test_terrain 2 13.33 10.49 733
03:35:17 test_terrain 2 13.45 10.37 733
03:35:19 test_terrain 2 13.47 10.35 733
03:35:21 test_terrain 2 13.61 10.21 733
03:35:23 test_terrain 2 13.61 10.21 733
03:35:25 test_terrain 2 13.62 10.19 733
03:35:27 test_terrain 2 13.64 10.18 733
03:35:29 test_terrain 2 13.64 10.18 733
03:35:31 test_terrain 2 13.64 10.18 733
03:35:33 test_terrain 2 13.64 10.17 733
03:35:35 test_terrain 2 13.64 10.17 733
03:35:37 test_terrain 2 13.64 10.17 733
03:35:39 test_terrain 2 13.64 10.17 733
03:35:41 test_terrain 2 13.64 10.18 733
03:35:43 test_terrain 2 13.64 10.17 733
03:35:45 test_terrain 2 13.64 10.17 733
03:35:47 test_terrain 2 13.64 10.17 733
03:35:49 test_terrain 2 13.65 10.17 733
03:35:51 test_terrain 2 13.65 10.17 733
03:35:53 test_terrain 2 13.65 10.16 733
03:35:55 test_terrain 2 13.65 10.16 733
03:35:57 test_terrain 2 13.83 9.98 733
03:35:59 test_terrain 2 13.88 9.93 733
03:36:01 test_terrain 2 13.88 9.93 733
03:36:03 test_terrain 2 13.88 9.92 733
03:36:05 test_terrain 2 13.89 9.92 733
03:36:07 test_terrain 2 13.94 9.87 733
03:36:09 test_terrain 2 13.99 9.82 733
03:36:11 test_terrain 2 13.96 9.84 733
03:36:13 test_terrain 2 13.86 9.94 733
03:36:15 test_terrain 2 13.86 9.94 733
03:36:17 test_terrain 1 8.66 15.09 847
03:36:19 test_terrain 1 8.66 15.10 847
03:36:21 test_terrain 1 8.66 15.10 847
03:36:23 test_terrain 1 8.66 15.10 847
03:36:25 test_terrain 1 8.66 15.10 847
03:36:27 test_terrain 1 8.66 15.10 847
03:36:29 test_terrain 1 8.66 15.10 847
03:36:31 test_terrain 1 8.66 15.10 847
03:36:33 test_terrain 1 8.69 15.07 847
03:36:35 test_terrain 1 8.69 15.07 847
03:36:37 test_terrain 1 8.70 15.06 847
03:36:39 test_terrain 1 8.75 15.00 847
03:36:41 test_terrain 1 8.77 14.98 847
03:36:43 test_terrain 1 8.86 14.90 847
03:36:45 test_terrain 1 8.93 14.83 847
03:36:47 test_terrain 1 9.13 14.63 847
03:36:49 test_terrain 1 9.13 14.63 847
03:36:51 test_terrain 1 9.27 14.49 847
03:36:53 test_terrain 1 9.27 14.49 847
03:36:55 test_terrain 1 9.29 14.48 847
03:36:57 test_terrain 1 9.53 14.24 847
03:36:59 test_terrain 1 9.73 14.03 847
03:37:01 test_terrain 1 9.91 13.85 847
03:37:03 test_terrain 1 10.15 13.61 847
03:37:05 test_terrain 1 10.16 13.60 847
03:37:07 test_terrain 1 10.16 13.60 847
03:37:09 test_terrain 1 10.24 13.52 847
03:37:11 test_terrain 1 10.61 13.15 847
03:37:13 test_terrain 1 10.77 12.99 847
03:37:15 test_terrain 1 10.91 12.86 847
03:37:17 test_terrain 1 11.00 12.76 847
03:37:19 test_terrain 1 11.16 12.60 847
03:37:21 test_terrain 1 11.40 12.36 847
03:37:23 test_terrain 1 11.49 12.26 847
03:37:25 test_terrain 1 11.65 12.11 847
03:37:27 test_terrain 1 11.95 11.81 847
03:37:29 test_terrain 1 12.00 11.76 847
03:37:31 test_terrain 1 12.15 11.61 847
03:37:33 test_terrain 1 12.40 11.35 847
03:37:35 test_terrain 1 12.50 11.25 847
03:37:37 test_terrain 1 12.64 11.11 847
03:37:39 test_terrain 1 12.81 10.95 847
03:37:41 test_terrain 1 12.91 10.84 847
03:37:43 test_terrain 1 12.93 10.82 847
03:37:45 test_terrain 1 12.94 10.81 847
03:37:47 test_terrain 1 12.93 10.82 847
03:37:49 test_terrain 1 13.12 10.64 847
03:37:51 test_terrain 1 13.21 10.54 847
03:37:53 test_terrain 1 13.25 10.50 847
03:37:55 test_terrain 1 13.37 10.39 847
03:37:57 test_terrain 1 13.39 10.36 847
03:37:59 test_terrain 1 13.41 10.35 847
03:38:01 test_terrain 1 13.42 10.34 847
03:38:03 test_terrain 1 13.42 10.33 847
03:38:05 test_terrain 1 13.42 10.33 847
03:38:07 test_terrain 1 13.42 10.32 847
03:38:09 test_terrain 1 13.42 10.32 847
03:38:11 test_terrain 1 13.42 10.32 847
03:38:13 test_terrain 1 13.42 10.32 847
03:38:15 test_terrain 1 13.42 10.32 847
03:38:17 test_terrain 1 13.42 10.32 847
03:38:19 test_terrain 1 13.42 10.32 847
03:38:21 test_terrain 1 13.42 10.32 847
03:38:23 test_terrain 1 13.43 10.32 847
03:38:25 test_terrain 1 13.43 10.32 847
03:38:27 test_terrain 1 13.43 10.32 847
03:38:29 test_terrain 1 13.41 10.33 1002
03:38:31 test_terrain 1 13.41 10.33 1002
03:38:33 test_terrain 1 13.41 10.33 1002
03:38:35 test_terrain 1 13.41 10.33 1002
03:38:37 test_terrain 0 0.00 23.68 1002
