Godot Engine v4.7.2.stable.official.ed1daf0bf - https://godotengine.org
Failed to create /home/ryko/.cache/mesa_shader_cache for shader cache (Read-only file system)---disabling.
Vulkan 1.3.255 - Forward+ - Using Device #0: Unknown - llvmpipe (LLVM 15.0.7, 256 bits)
Failed to create secure directory (/run/user/1000/pulse): Read-only file system
ALSA lib confmisc.c:855:(parse_card) cannot find card '0'
ALSA lib conf.c:5182:(_snd_config_evaluate) function snd_func_card_inum returned error: No such file or directory
ALSA lib confmisc.c:422:(snd_func_concat) error evaluating strings
ALSA lib conf.c:5182:(_snd_config_evaluate) function snd_func_concat returned error: No such file or directory
ALSA lib confmisc.c:1334:(snd_func_refer) error evaluating name
ALSA lib conf.c:5182:(_snd_config_evaluate) function snd_func_refer returned error: No such file or directory
ALSA lib conf.c:5705:(snd_config_expand) Evaluate error: No such file or directory
ALSA lib pcm.c:2664:(snd_pcm_open_noupdate) Unknown PCM default
ERROR: Condition "status < 0" is true. Returning: ERR_CANT_OPEN
   at: init_output_device (drivers/alsa/audio_driver_alsa.cpp:97)
WARNING: All audio drivers failed, falling back to the dummy driver.
     at: initialize (servers/audio/audio_server.cpp:258)

render-shell play driving=#1
render-shell keys WASD/arrows  walk one step (3.6 units)
render-shell keys G            go to the nearest named place
render-shell keys J            hop (3.0 units)
render-shell keys K            leap (12.0 units, further than an ordinary DEX reaches)
render-shell keys Tab          aim at the next thing in sight
render-shell keys F            hold the next thing you carry, or nothing
render-shell keys C            pick the next thing inside what you have aimed at
render-shell keys B            pick the next thing to say
render-shell keys - / =        the coins in your next offer (given / asked)
render-shell keys P            go to what you have aimed at
render-shell keys E            examine what you have aimed at
render-shell keys L            look at what you are holding
render-shell keys Q            take the picked thing out of what you have aimed at
render-shell keys X            drop what you are holding
render-shell keys 1            put on what you are holding
render-shell keys 2            take off what you are holding
render-shell keys 3            use up what you are holding
render-shell keys V            put what you are holding into what you have aimed at
render-shell keys T            say the picked line to what you have aimed at
render-shell keys Y            shout the picked line
render-shell keys O            offer a trade: give what you hold and the given coins, ask for what you have picked and the asked coins
render-shell keys U            accept the offer standing from it
render-shell keys I            deny the offer standing from it
render-shell keys H            interact with it, using what you are holding
render-shell keys N            attack it with what you are holding
render-shell keys M            wait (5 ticks)
render-shell keys [            pick the next cell you may step onto
render-shell keys ]            step onto it
render-shell keys ;            pick the next of your minions
render-shell keys '            pick the next cell that minion may go to
render-shell keys \            send it there
render-shell keys 4 5 6 7      use the first, second, third or fourth weapon action
render-shell keys 8 / 9        turn a quarter left or right (free)
render-shell keys 0            end your turn
render-shell keys Z            open or shut the character sheet
render-shell boot seed=1234 chunks=37 far=1 fartris=160 islands=10 grass=9602 motes=594 sheet=2/3 aa=msaa4+fxaa
  t=  1  Alder  has not decided yet, and waits in the world
  t=  1  Ember  has not decided yet, and waits in the world
  t=  1  Wisp   has not decided yet, and waits in the world
render-shell fight t=18 the board appears
render-shell play t=26 chose go_to(offset=(0.000, -3.600))
  t= 26  Alder  was answered go_to(offset=(0.000, -3.600)) -> go_to refused: the board decides where a fighter goes before it began
render-shell play t=26 go_to(offset=(0.000, -3.600)) -> go_to refused: the board decides where a fighter goes
render-shell play t=31 chose go_to(offset=(-3.600, 0.000))
  t= 31  Alder  was answered go_to(offset=(-3.600, 0.000)) -> go_to refused: the board decides where a fighter goes before it began
render-shell play t=31 go_to(offset=(-3.600, 0.000)) -> go_to refused: the board decides where a fighter goes
render-shell play t=37 chose go_to(offset=(0.000, 3.600))
  t= 37  Alder  was answered go_to(offset=(0.000, 3.600)) -> go_to refused: the board decides where a fighter goes before it began
render-shell play t=37 go_to(offset=(0.000, 3.600)) -> go_to refused: the board decides where a fighter goes
render-shell screenshot t=40 /home/ryko/proj/game/reports/assets/fight-answered-panel.png
render-shell sheet scale=2 x=16 y=16 w=574 h=676 sheets=3 showing=0
render-shell readout scale=2 x=816 y=16 w=456 h=642 fight=1
render-shell dialogue scale=2 x=676 y=852 w=596 h=110
render-shell trade scale=2 x=676 y=730 w=596 h=114
render-shell stop tick=42 frames=16 views=37 handles=70 far=50 fartris=6552 farbuilt=50 farcorners=3417 faruse=51730 islands=30 water=2 grass=12208 drawn=9347 patches=33 isles=1 motes=589 lights=0 orbs=0 board=441/40 pieces=8 mirror=16 frame_ms=0.00 timed=0 digest=ce807bc533017989
