Godot Engine v4.7.2.stable.official.ed1daf0bf - https://godotengine.org
Failed to create /home/ryko/.cache/mesa_shader_cache for shader cache (Read-only file system)---disabling.
Vulkan 1.3.255 - Forward+ - Using Device #0: Unknown - llvmpipe (LLVM 15.0.7, 256 bits)
Failed to create secure directory (/run/user/1000/pulse): Read-only file system
ALSA lib confmisc.c:855:(parse_card) cannot find card '0'
ALSA lib conf.c:5182:(_snd_config_evaluate) function snd_func_card_inum returned error: No such file or directory
ALSA lib confmisc.c:422:(snd_func_concat) error evaluating strings
ALSA lib conf.c:5182:(_snd_config_evaluate) function snd_func_concat returned error: No such file or directory
ALSA lib confmisc.c:1334:(snd_func_refer) error evaluating name
ALSA lib conf.c:5182:(_snd_config_evaluate) function snd_func_refer returned error: No such file or directory
ALSA lib conf.c:5705:(snd_config_expand) Evaluate error: No such file or directory
ALSA lib pcm.c:2664:(snd_pcm_open_noupdate) Unknown PCM default
ERROR: Condition "status < 0" is true. Returning: ERR_CANT_OPEN
   at: init_output_device (drivers/alsa/audio_driver_alsa.cpp:97)
WARNING: All audio drivers failed, falling back to the dummy driver.
     at: initialize (servers/audio/audio_server.cpp:258)

render-shell play driving=#1
render-shell keys WASD/arrows  walk one step (3.6 units)
render-shell keys G            go to the nearest named place
render-shell keys J            hop (3.0 units)
render-shell keys K            leap (12.0 units, further than an ordinary DEX reaches)
render-shell keys Tab          aim at the next thing in sight
render-shell keys F            hold the next thing you carry, or nothing
render-shell keys C            pick the next thing inside what you have aimed at
render-shell keys B            pick the next thing to say
render-shell keys - / =        the coins in your next offer (given / asked)
render-shell keys P            go to what you have aimed at
render-shell keys E            examine what you have aimed at
render-shell keys L            look at what you are holding
render-shell keys Q            take the picked thing out of what you have aimed at
render-shell keys X            drop what you are holding
render-shell keys 1            put on what you are holding
render-shell keys 2            take off what you are holding
render-shell keys 3            use up what you are holding
render-shell keys V            put what you are holding into what you have aimed at
render-shell keys T            say the picked line to what you have aimed at
render-shell keys Y            shout the picked line
render-shell keys O            offer a trade: give what you hold and the given coins, ask for what you have picked and the asked coins
render-shell keys U            accept the offer standing from it
render-shell keys I            deny the offer standing from it
render-shell keys H            interact with it, using what you are holding
render-shell keys N            attack it with what you are holding
render-shell keys M            wait (5 ticks)
render-shell keys [            pick the next cell you may step onto
render-shell keys ]            step onto it
render-shell keys ;            pick the next of your minions
render-shell keys '            pick the next cell that minion may go to
render-shell keys \            send it there
render-shell keys 4 5 6 7      use the first, second, third or fourth weapon action
render-shell keys 8 / 9        turn a quarter left or right (free)
render-shell keys 0            end your turn
render-shell keys Z            open or shut the character sheet
render-shell boot seed=1234 chunks=32 far=3 fartris=448 islands=10 grass=9278 motes=1073 sheet=2/4 aa=msaa4+fxaa
  t=  1  Pip    has not decided yet, and waits in the world
  t=  1  Nettle began go_to(target=(-20.572, 15.824)), 20 ticks
  t=  1  Corin  began go_to(target=(-2.873, -20.661)), 20 ticks
  t=  1  Scholar(-1,-1) began go_to(target=(-5.711, -39.422)), 20 ticks
  t=  6  Nettle thought again at 5/20t, wanted the same thing
  t=  6  Corin  thought again at 5/20t, wanted the same thing
  t=  6  Scholar(-1,-1) thought again at 5/20t, kept go_to(target=(-5.711, -39.422)) over go_to(target=(-8.921, -24.363))
  t= 11  Nettle thought again at 10/20t, wanted the same thing
  t= 11  Corin  thought again at 10/20t, wanted the same thing
  t= 11  Scholar(-1,-1) thought again at 10/20t, kept go_to(target=(-5.711, -39.422)) over go_to(target=(-8.921, -24.363))
  t= 16  Nettle thought again at 15/20t, wanted the same thing
  t= 16  Corin  thought again at 15/20t, wanted the same thing
  t= 16  Scholar(-1,-1) changed its mind at 15/20t, dropped go_to(target=(-5.711, -39.422)) for go_to(target=(-8.921, -24.363))
  t= 16  Scholar(-1,-1) began go_to(target=(-8.921, -24.363)), 20 ticks
  t= 21  Nettle finished go_to(target=(-20.572, 15.824)) -> go_to ok at=(-20.572, 15.824) walked=18.0 steps=20
  t= 21  Nettle began go_to(target=(-31.155, 30.384)), 20 ticks
  t= 21  Corin  finished go_to(target=(-2.873, -20.661)) -> go_to ok at=(-2.873, -20.661) walked=18.0 steps=20
  t= 21  Corin  began go_to(target=(-11.335, -36.548)), 20 ticks
  t= 21  Scholar(-1,-1) thought again at 5/20t, kept go_to(target=(-8.921, -24.363)) over attack(target=3 item=common spear)
render-shell screenshot t=21 /home/ryko/proj/game/reports/assets/fight-drawn-t20.png
render-shell fight t=26 the board appears
  t= 26  Nettle thought again at 5/20t, wanted the same thing
  t= 26  Corin  thought again at 5/20t, kept go_to(target=(-11.335, -36.548)) over attack(target=4 item=common buckler)
  t= 26  Scholar(-1,-1) thought again at 10/20t, kept go_to(target=(-8.921, -24.363)) over attack(target=3 item=common spear)
  t= 26  Corin  interrupted (combat began), abandoned go_to(target=(-11.335, -36.548)) 5/20t
  t= 26  Corin  began attack(target=4 item=common buckler), 6 ticks
  t= 26  Scholar(-1,-1) interrupted (combat began), abandoned go_to(target=(-8.921, -24.363)) 10/20t
  t= 31  Nettle thought again at 10/20t, wanted the same thing
  t= 31  Corin  thought again at 5/6t, wanted the same thing
  t= 32  Corin  finished attack(target=4 item=common buckler) -> attack refused: Scholar(-1,-1) is outside the pattern of a common buckler from here
  t= 33  Scholar(-1,-1) began attack(target=3 item=common spear), 6 ticks
  t= 36  Nettle thought again at 15/20t, wanted the same thing
  t= 38  Scholar(-1,-1) thought again at 5/6t, wanted the same thing
  t= 39  Scholar(-1,-1) finished attack(target=3 item=common spear) -> attack refused: Corin is outside the pattern of a common spear from here
  t= 40  Corin  began attack(target=4 item=common buckler), 6 ticks
  t= 41  Nettle finished go_to(target=(-31.155, 30.384)) -> go_to ok at=(-31.155, 30.384) walked=18.0 steps=20
  t= 41  Nettle began go_to(target=(-38.152, 46.968)), 20 ticks
  t= 45  Corin  thought again at 5/6t, wanted the same thing
  t= 46  Nettle thought again at 5/20t, wanted the same thing
  t= 46  Corin  finished attack(target=4 item=common buckler) -> attack refused: Scholar(-1,-1) is outside the pattern of a common buckler from here
  t= 47  Scholar(-1,-1) began attack(target=3 item=common spear), 6 ticks
  t= 51  Nettle thought again at 10/20t, wanted the same thing
  t= 52  Scholar(-1,-1) thought again at 5/6t, wanted the same thing
  t= 53  Scholar(-1,-1) finished attack(target=3 item=common spear) -> attack refused: Corin is outside the pattern of a common spear from here
  t= 54  Corin  began attack(target=4 item=common buckler), 6 ticks
  t= 56  Nettle thought again at 15/20t, wanted the same thing
  t= 59  Corin  thought again at 5/6t, wanted the same thing
  t= 60  Corin  finished attack(target=4 item=common buckler) -> attack ok attack=shove cells=1 hits=1 dealt=0
  t= 61  Nettle finished go_to(target=(-38.152, 46.968)) -> go_to ok at=(-38.152, 46.968) walked=18.0 steps=20
  t= 61  Nettle began go_to(target=(-43.259, 64.229)), 20 ticks
  t= 61  Scholar(-1,-1) began attack(target=3 item=common spear), 6 ticks
render-shell screenshot t=61 /home/ryko/proj/game/reports/assets/fight-drawn-t60.png
  t= 66  Nettle thought again at 5/20t, wanted the same thing
  t= 66  Scholar(-1,-1) thought again at 5/6t, wanted the same thing
  t= 67  Scholar(-1,-1) finished attack(target=3 item=common spear) -> attack ok attack=thrust cells=2 hits=1 dealt=3
  t= 68  Corin  began attack(target=4 item=common buckler), 6 ticks
  t= 71  Nettle thought again at 10/20t, wanted the same thing
  t= 73  Corin  thought again at 5/6t, wanted the same thing
  t= 74  Corin  finished attack(target=4 item=common buckler) -> attack ok attack=shove cells=1 hits=1 dealt=0
  t= 75  Scholar(-1,-1) began attack(target=3 item=common spear), 6 ticks
  t= 76  Nettle thought again at 15/20t, wanted the same thing
  t= 80  Scholar(-1,-1) thought again at 5/6t, wanted the same thing
  t= 81  Nettle finished go_to(target=(-43.259, 64.229)) -> go_to ok at=(-43.259, 64.229) walked=18.0 steps=20
  t= 81  Nettle began go_to(target=(-51.261, 80.352)), 20 ticks
  t= 81  Scholar(-1,-1) finished attack(target=3 item=common spear) -> attack ok attack=thrust cells=2 hits=1 dealt=3
  t= 82  Corin  began attack(target=4 item=common buckler), 6 ticks
  t= 86  Nettle thought again at 5/20t, wanted the same thing
  t= 87  Corin  thought again at 5/6t, wanted the same thing
  t= 88  Corin  finished attack(target=4 item=common buckler) -> attack ok attack=shove cells=1 hits=1 dealt=0
  t= 89  Scholar(-1,-1) began attack(target=3 item=common spear), 6 ticks
  t= 91  Nettle thought again at 10/20t, wanted the same thing
  t= 94  Scholar(-1,-1) thought again at 5/6t, wanted the same thing
  t= 95  Scholar(-1,-1) finished attack(target=3 item=common spear) -> attack ok attack=thrust cells=2 hits=1 dealt=3
  t= 96  Nettle thought again at 15/20t, wanted the same thing
  t= 96  Corin  began attack(target=4 item=common buckler), 6 ticks
  t=101  Nettle finished go_to(target=(-51.261, 80.352)) -> go_to ok at=(-51.261, 80.352) walked=18.0 steps=20
  t=101  Nettle began go_to(target=(-61.179, 95.373)), 20 ticks
  t=101  Corin  thought again at 5/6t, wanted the same thing
  t=102  Corin  finished attack(target=4 item=common buckler) -> attack ok attack=shove cells=1 hits=1 dealt=0
  t=103  Scholar(-1,-1) began attack(target=3 item=common spear), 6 ticks
  t=106  Nettle thought again at 5/20t, wanted the same thing
  t=108  Scholar(-1,-1) thought again at 5/6t, wanted the same thing
  t=109  Scholar(-1,-1) finished attack(target=3 item=common spear) -> attack ok attack=thrust cells=2 hits=1 dealt=3
  t=110  Corin  began attack(target=4 item=common buckler), 6 ticks
  t=111  Nettle thought again at 10/20t, wanted the same thing
  t=115  Corin  thought again at 5/6t, wanted the same thing
  t=116  Nettle thought again at 15/20t, wanted the same thing
  t=116  Corin  finished attack(target=4 item=common buckler) -> attack ok attack=shove cells=1 hits=1 dealt=0
  t=117  Scholar(-1,-1) began attack(target=3 item=common spear), 6 ticks
  t=121  Nettle finished go_to(target=(-61.179, 95.373)) -> go_to ok at=(-61.179, 95.373) walked=18.0 steps=20
  t=121  Nettle began go_to(target=(-67.913, 112.066)), 20 ticks
  t=122  Scholar(-1,-1) thought again at 5/6t, wanted the same thing
  t=123  Scholar(-1,-1) finished attack(target=3 item=common spear) -> attack ok attack=thrust cells=2 hits=1 dealt=3
  t=124  Corin  began attack(target=4 item=common buckler), 6 ticks
  t=126  Nettle thought again at 5/20t, wanted the same thing
  t=129  Corin  thought again at 5/6t, wanted the same thing
  t=130  Corin  finished attack(target=4 item=common buckler) -> attack ok attack=shove cells=1 hits=1 dealt=0
  t=131  Nettle thought again at 10/20t, wanted the same thing
  t=131  Scholar(-1,-1) began attack(target=3 item=common spear), 6 ticks
  t=136  Nettle thought again at 15/20t, wanted the same thing
  t=136  Scholar(-1,-1) thought again at 5/6t, wanted the same thing
  t=137  Scholar(-1,-1) finished attack(target=3 item=common spear) -> attack ok attack=thrust cells=2 hits=1 dealt=3
  t=138  Corin  began attack(target=4 item=common buckler), 6 ticks
  t=141  Nettle finished go_to(target=(-67.913, 112.066)) -> go_to ok at=(-67.913, 112.066) walked=18.0 steps=20
  t=141  Nettle began go_to(target=(-77.060, 127.569)), 20 ticks
  t=143  Corin  thought again at 5/6t, wanted the same thing
  t=144  Corin  finished attack(target=4 item=common buckler) -> attack ok attack=shove cells=1 hits=1 dealt=0
  t=145  Scholar(-1,-1) began attack(target=3 item=common spear), 6 ticks
  t=146  Nettle thought again at 5/20t, wanted the same thing
  t=150  Scholar(-1,-1) thought again at 5/6t, wanted the same thing
  t=151  Nettle thought again at 10/20t, wanted the same thing
  t=151  Scholar(-1,-1) finished attack(target=3 item=common spear) -> attack ok attack=thrust cells=2 hits=1 dealt=3
  t=152  Corin  began attack(target=4 item=common buckler), 6 ticks
  t=156  Nettle thought again at 15/20t, wanted the same thing
  t=157  Corin  thought again at 5/6t, wanted the same thing
  t=158  Corin  finished attack(target=4 item=common buckler) -> attack ok attack=shove cells=1 hits=1 dealt=0
  t=159  Scholar(-1,-1) began attack(target=3 item=common spear), 6 ticks
  t=161  Nettle finished go_to(target=(-77.060, 127.569)) -> go_to ok at=(-77.060, 127.569) walked=18.0 steps=20
  t=161  Nettle began go_to(target=(-87.014, 142.566)), 20 ticks
  t=164  Scholar(-1,-1) thought again at 5/6t, wanted the same thing
  t=165  Scholar(-1,-1) finished attack(target=3 item=common spear) -> attack ok attack=thrust cells=2 hits=1 dealt=3
  t=166  Nettle thought again at 5/20t, wanted the same thing
  t=166  Corin  began attack(target=4 item=common buckler), 6 ticks
  t=171  Nettle thought again at 10/20t, wanted the same thing
  t=171  Corin  thought again at 5/6t, wanted the same thing
  t=172  Corin  finished attack(target=4 item=common buckler) -> attack ok attack=shove cells=1 hits=1 dealt=0
  t=173  Scholar(-1,-1) began attack(target=3 item=common spear), 6 ticks
  t=176  Nettle thought again at 15/20t, wanted the same thing
  t=178  Scholar(-1,-1) thought again at 5/6t, wanted the same thing
render-shell fight t=181 the board is put away
  t=179  Scholar(-1,-1) finished attack(target=3 item=common spear) -> attack ok attack=thrust cells=2 hits=1 dealt=3
  t=180  Scholar(-1,-1) began go_to(target=(-18.138, -40.753)), 20 ticks
  t=181  Nettle finished go_to(target=(-87.014, 142.566)) -> go_to ok at=(-87.014, 142.566) walked=18.0 steps=20
  t=181  Nettle began go_to(target=(-99.505, 155.527)), 20 ticks
  t=185  Scholar(-1,-1) thought again at 5/20t, wanted the same thing
  t=186  Nettle thought again at 5/20t, wanted the same thing
  t=190  Scholar(-1,-1) thought again at 10/20t, wanted the same thing
  t=191  Nettle thought again at 10/20t, wanted the same thing
  t=195  Scholar(-1,-1) thought again at 15/20t, wanted the same thing
  t=196  Nettle thought again at 15/20t, wanted the same thing
  t=200  Scholar(-1,-1) finished go_to(target=(-18.138, -40.753)) -> go_to ok at=(-18.138, -40.753) walked=18.0 steps=20
  t=200  Scholar(-1,-1) began go_to(target=(-31.841, -29.081)), 20 ticks
render-shell screenshot t=200 /home/ryko/proj/game/reports/assets/fight-drawn-t200.png
  t=201  Nettle finished go_to(target=(-99.505, 155.527)) -> go_to ok at=(-99.505, 155.527) walked=18.0 steps=20
  t=201  Nettle began go_to(target=(-112.995, 167.444)), 20 ticks
render-shell sheet scale=2 x=16 y=16 w=574 h=784 sheets=3 showing=0
render-shell readout scale=2 x=856 y=16 w=416 h=354 fight=0
render-shell dialogue scale=2 x=676 y=522 w=596 h=110
render-shell trade scale=2 x=676 y=400 w=596 h=114
render-shell stop tick=202 frames=76 views=32 handles=64 far=124 fartris=16576 farbuilt=124 farcorners=8544 faruse=9 islands=30 water=1 grass=9278 drawn=6997 patches=32 isles=1 motes=1073 lights=16 orbs=0 board=0/0 pieces=4 mirror=0 frame_ms=0.00 timed=0 digest=8824aa2fcad9d478
