
RUN   test_settlements
  ..  settlements      164 s, 3 checks, 7.15 GiB: cell (3, 3) came out differently when asked from the other end
  ..  settlements      197 s, 39 checks, 7.15 GiB: cell (-2, 2) came out differently when asked from the other end
  ..  settlements      489 s, 52 checks, 12.28 GiB: two different seeds produced exactly the same villages
  ..  settlements      594 s, 399 checks, 12.69 GiB: the shore village at (-311.1, 727.7) has 4 standing-water probes besi...
  ..  settlements      643 s, 590 checks, 12.99 GiB: the levelled ground of the shore village at (255.0, 1022.9) still ris...
  ..  settlements      883 s, 1143 checks, 13.90 GiB: the shore village at (-299.0, -763.5) has 5 standing-water probes bes...
  ..  settlements      961 s, 1310 checks, 13.93 GiB: the levelled ground of the shore village at (210.4, 725.7) still rise...
  ..  settlements     1010 s, 1736 checks, 13.92 GiB: the levelled ground of the shore village at (742.3, 719.9) still rise...
  ..  settlements     1198 s, 1741 checks, 18.87 GiB: the shore village at (-1092.8, -988.9) has 7 standing-water probes be...
  ..  settlements     1234 s, 1852 checks, 19.07 GiB: the levelled ground of the shore village at (-1092.8, -988.9) still r...
  ..  settlements     1268 s, 1968 checks, 19.06 GiB: the levelled ground of the shore village at (57.9, -559.7) still rise...
  ..  settlements     1494 s, 1973 checks, 19.05 GiB: the shore village at (-1000.5, 462.8) has 6 standing-water probes bes...
  ..  settlements     1526 s, 2036 checks, 19.04 GiB: the levelled ground of the shore village at (-1000.5, 462.8) still ri...
  ..  settlements     1558 s, 2285 checks, 19.04 GiB: the shore village at (-219.5, -288.1) has 3 standing-water probes bes...
  ..  settlements     1598 s, 2420 checks, 19.04 GiB: the levelled ground of the shore village at (-219.5, -288.1) still ri...
  ..  settlements     1631 s, 2672 checks, 19.04 GiB: the levelled ground of the shore village at (300.0, 202.4) still rise...
  ..  settlements     1671 s, 3050 checks, 19.04 GiB: the levelled ground of the shore village at (1062.9, -799.9) still ri...
  ..  settlements     1776 s, 3055 checks, 19.03 GiB: the shore village at (-987.9, 47.9) has 5 standing-water probes besid...
  ..  settlements     1811 s, 3586 checks, 19.03 GiB: the levelled ground of the shore village at (-222.3, -818.5) still ri...
  ..  settlements     1961 s, 3933 checks, 19.03 GiB: the shore village at (-1028.7, 1049.3) has 11 standing-water probes b...
  ..  settlements     2010 s, 4112 checks, 19.03 GiB: the levelled ground of the shore village at (-246.8, -488.1) still ri...
  ..  settlements     2220 s, 4849 checks, 19.03 GiB: the shore village at (-1025.9, 233.1) has 6 standing-water probes bes...
  ..  settlements     2259 s, 4960 checks, 19.03 GiB: the levelled ground of the shore village at (-1025.9, 233.1) still ri...
  ..  settlements     2295 s, 5346 checks, 19.32 GiB: the levelled ground of the shore village at (42.4, -1008.0) still ris...
  ..  settlements     2331 s, 5548 checks, 19.35 GiB: the levelled ground of the shore village at (1092.2, -37.7) still ris...
  ..  settlements     2479 s, 5553 checks, 20.52 GiB: the shore village at (-509.7, 1003.1) has 11 standing-water probes be...
  ..  settlements     2512 s, 5883 checks, 20.52 GiB: the shore village at (496.1, 219.5) has 7 standing-water probes besid...
  ..  settlements     2547 s, 5982 checks, 20.53 GiB: the levelled ground of the shore village at (496.1, 219.5) still rise...
        settlements: 50 of 225 villages (22.2%) sited by the shore rule over 8 seeds
  ..  settlements     2691 s, 9788 checks, 20.48 GiB: an upper storey hangs within a pad's radius of (-251.2, -343.8) on se...
        settlements: 6 wide upper storeys swept, 1 spots the old padded rule let through
  ..  settlements     2814 s, 12013 checks, 20.48 GiB: 'signpost' is not a catalog tag
  ..  settlements     2900 s, 15636 checks, 20.48 GiB: patch (-48, -17) under the village at (-764.7, -260.9) came out diffe...
  ..  settlements     2936 s, 15749 checks, 20.47 GiB: a fresh network for the same seed built the road l-4,5>s-1,3 differently
  ..  settlements     2976 s, 15765 checks, 20.47 GiB: a fresh network for the same seed built the road l4,6>s2,3 differently
  ..  settlements     3006 s, 15797 checks, 20.47 GiB: the ground where roads converge at (-537.2, -918.8) is 0.000 out of l...
  ..  settlements     3036 s, 16022 checks, 20.47 GiB: the ground where roads converge at (624.8, 925.6) is 0.000 out of lev...
  ..  settlements     3071 s, 16123 checks, 20.47 GiB: the roadway at (875.5, 635.7) is 0.000 out of level across itself, wi...
  ..  settlements     3110 s, 16151 checks, 20.47 GiB: a bridge at (99.6, 302.7) does not stand over water
  ..  settlements     3154 s, 30694 checks, 20.47 GiB: the village was still loaded from four thousand units away
FAIL  settlements    3330.8 s, 30734 checks, 99 failed
        - the levelled ground of the shore village at (-311.1, 727.7) still rises and falls
        - the levelled ground of the shore village at (580.4, 807.9) still rises and falls
        - the levelled ground of the shore village at (736.4, 257.9) still rises and falls
        - the levelled ground of the shore village at (762.5, 717.4) still rises and falls
        - the levelled ground of the shore village at (-299.0, -763.5) still rises and falls
        - the middle of a shore village is not at its own pad height
        - the levelled ground of the shore village at (461.1, -1030.5) still rises and falls
        - the levelled ground of the shore village at (518.1, 720.1) still rises and falls
        - the levelled ground of the shore village at (-1000.5, 462.8) still rises and falls
        - the levelled ground of the shore village at (-465.4, -1081.0) still rises and falls
        - the middle of a shore village is not at its own pad height
        - the levelled ground of the shore village at (-219.5, -288.1) still rises and falls
        - the middle of a shore village is not at its own pad height
        - the levelled ground of the shore village at (322.3, 57.4) still rises and falls
        - the levelled ground of the shore village at (1062.9, -799.9) still rises and falls
        - the levelled ground of the shore village at (-987.9, 47.9) still rises and falls
        - the levelled ground of the shore village at (-1104.4, 1045.4) still rises and falls
        - the levelled ground of the shore village at (-494.7, -299.6) still rises and falls
        - the levelled ground of the shore village at (302.4, -492.9) still rises and falls
        - the levelled ground of the shore village at (-246.8, -488.1) still rises and falls
        - the levelled ground of the shore village at (-47.4, -313.5) still rises and falls
        - the levelled ground of the shore village at (202.4, -201.8) still rises and falls
        - the levelled ground of the shore village at (543.3, 494.9) still rises and falls
        - the levelled ground of the shore village at (831.5, 282.1) still rises and falls
        - the levelled ground of the shore village at (216.1, -1033.3) still rises and falls
        - the levelled ground of the shore village at (-509.7, 1003.1) still rises and falls
        - the levelled ground of the shore village at (-306.0, -833.5) still rises and falls
        - the levelled ground of the shore village at (826.2, -809.1) still rises and falls
        - the sweep met only 6 upper storeys wide enough to open the gap
        - the sweep found 1 spots the old padded rule let through, too few to be checking anything
        - the levelled ground of the village at (-495.5, -772.0) still rises and falls by 0.73
        - the levelled ground of the village at (-500.1, 17.9) still rises and falls by 1.36
        - the middle of the village sits at 18.750, not at its pad height 18.192
        - the levelled ground of the village at (-323.2, -215.8) still rises and falls by 0.47
        - levelling the village at (-315.8, -5.2) did not flatten anything: 0.00 before, 0.00 after
        - the middle of the village sits at 15.550, not at its pad height 15.490
        - the levelled ground of the village at (-311.1, 727.7) still rises and falls by 3.04
        - levelling the village at (-58.3, -512.2) did not flatten anything: 0.00 before, 0.00 after
        - the levelled ground of the village at (-34.4, -255.8) still rises and falls by 2.09
        - the levelled ground of the village at (-14.4, -102.3) still rises and falls by 3.18
        - the levelled ground of the village at (197.7, -792.8) still rises and falls by 1.52
        - the levelled ground of the village at (580.4, 807.9) still rises and falls by 1.89
        - the levelled ground of the village at (736.4, 257.9) still rises and falls by 1.78
        - the levelled ground of the village at (762.5, 717.4) still rises and falls by 1.16
        - the roadway at (-447.8, -675.8) is 0.732 out of level across itself, with one road levelling it
        - the roadway at (-450.7, -680.6) is 0.720 out of level across itself, with one road levelling it
        - the roadway at (-497.9, -188.2) is 0.645 out of level across itself, with one road levelling it
        - the roadway at (-415.7, 657.2) is 0.614 out of level across itself, with one road levelling it
        - the roadway at (-354.6, 701.1) is 0.402 out of level across itself, with one road levelling it
        - the roadway at (31.3, -212.2) is 0.416 out of level across itself, with one road levelling it
        - the roadway at (-0.5, -232.8) is 0.742 out of level across itself, with one road levelling it
        - the roadway at (-4.8, -236.1) is 0.404 out of level across itself, with one road levelling it
        - the roadway at (1.3, -136.1) is 0.342 out of level across itself, with one road levelling it
        - the roadway at (715.9, 53.5) is 0.668 out of level across itself, with one road levelling it
        - the roadway at (721.8, 53.8) is 0.864 out of level across itself, with one road levelling it
        - the roadway at (774.1, -39.5) is 0.608 out of level across itself, with one road levelling it
        - the roadway at (780.0, 11.8) is 7.850 out of level across itself, with one road levelling it
        - the roadway at (778.0, 17.5) is 0.438 out of level across itself, with one road levelling it
        - the roadway at (776.4, 23.2) is 0.810 out of level across itself, with one road levelling it
        - the roadway at (764.1, 228.7) is 0.337 out of level across itself, with one road levelling it
        - the roadway at (763.1, 455.8) is 0.586 out of level across itself, with one road levelling it
        - the roadway at (759.7, 460.1) is 0.610 out of level across itself, with one road levelling it
        - the roadway at (827.0, 670.9) is 3.880 out of level across itself, with one road levelling it
        - the roadway at (807.4, 684.7) is 0.376 out of level across itself, with one road levelling it
        - the roadway tilts 0.084 across itself on average against 0.185 for the untouched land, which is not flattening
        - the roadway on l-4,4>l-4,5 climbs 4.000 over one 3.0-unit step at (-427.3, 590.7), past the 3.0 a character can walk up
        - the roadway on l0,-3>l1,-3 climbs 4.000 over one 3.0-unit step at (132.4, -287.8), past the 3.0 a character can walk up
        - the roadway on l0,-3>l1,-3 climbs 4.000 over one 3.0-unit step at (158.6, -289.1), past the 3.0 a character can walk up
        - the roadway on l0,-3>l1,-3 climbs 4.000 over one 3.0-unit step at (181.7, -288.5), past the 3.0 a character can walk up
        - 42 of 4133 steps of finished roadway are a wall; the worst climbs 8.869
      expected: 0
      actual:   42
        - a bridge deck is at or below the water it crosses
        - a bridge deck is at or below the water it crosses
        - a bridge at (168.3, 490.2) does not stand over water
        - a bridge deck is at or below the water it crosses
        - a bridge deck is at or below the water it crosses
        - a bridge deck is at or below the water it crosses
        - a bridge deck is at or below the water it crosses
        - a bridge deck is at or below the water it crosses
        - a bridge deck is at or below the water it crosses
        - the river bed under a bridge has been carved by the road
      expected: 19.9999942510043
      actual:   19.9999942779541
        - a bridge deck is at or below the water it crosses
        - the river bed under a bridge has been carved by the road
      expected: 18.4113603118799
      actual:   18.4113597869873
        - a bridge deck is at or below the water it crosses
        - the river bed under a bridge has been carved by the road
      expected: 17.2346609719369
      actual:   17.2346611022949
        - a bridge deck is at or below the water it crosses
        - the river bed under a bridge has been carved by the road
      expected: 16.4098026770667
      actual:   16.4098033905029
        - the river bed under a bridge has been carved by the road
      expected: 16.0000030626901
      actual:   16.0000038146973
        - the river bed under a bridge has been carved by the road
      expected: 14.2745051993583
      actual:   14.2745056152344
        - the river bed under a bridge has been carved by the road
      expected: 12.5809891820248
      actual:   12.5809888839722
        - the river bed under a bridge has been carved by the road
      expected: 13.4269977955162
      actual:   13.4269981384277
        - the river bed under a bridge has been carved by the road
      expected: 14.4352794062719
      actual:   14.4352798461914
        - the river bed under a bridge has been carved by the road
      expected: 0.03793847243892
      actual:   0.03793847188354
        - the river bed under a bridge has been carved by the road
      expected: 0.07012932958106
      actual:   0.07012932747602
        - the river bed under a bridge has been carved by the road
      expected: 0.00018932094091
      actual:   0.00018932094099
        - the river bed under a bridge has been carved by the road
      expected: 0.0076303504074
      actual:   0.00763035053387
        - the river bed under a bridge has been carved by the road
      expected: 0.58605511488355
      actual:   0.58605509996414
        - the river bed under a bridge has been carved by the road
      expected: 0.00942427148137
      actual:   0.00942427106202
        - the river bed under a bridge has been carved by the road
      expected: 0.03734572638927
      actual:   0.03734572604299
        - only 48 wet samples, which is too few to mean much

what this run cost, by suite -- memory held by every engine on the machine,
wall time, and the longest stretch in which the transcript did not grow:
  --  (starting)             peak   0.60 GiB     0.1 min  quiet up to     5 s
   1  test_settlements       peak  20.54 GiB    55.6 min  quiet up to   320 s
  peak of the whole run: 20.54 GiB, in suite 1 (test_settlements)
  longest quiet stretch: 320 s, in suite 1 (test_settlements)
  wall time of the whole run: 55.8 min (0.93 h)
  the silence budget this run ran under: 3600s
  recorded in /home/ryko/proj/game/.testruns/memory.20260918-123626.log

1 of 1 suites failed (99 failed checks of 30734)
