Godot Engine v4.7.2.stable.official.ed1daf0bf - https://godotengine.org

sweep: 900 positions over a 4000-unit square, touching 221 distinct 192-unit blocks
cache: 16 blocks (AdoptedGround.FIELD_BLOCKS)
cold build: 74.5 s
  scattered (the check's own order): 10/60 positions, 250.1 s elapsed, 25.01 s each, worst 116.10 s, 10 blocks seen
  scattered (the check's own order): 20/60 positions, 625.8 s elapsed, 31.29 s each, worst 116.10 s, 20 blocks seen
  scattered (the check's own order): 30/60 positions, 831.8 s elapsed, 27.73 s each, worst 116.10 s, 30 blocks seen
  scattered (the check's own order): 40/60 positions, 958.7 s elapsed, 23.97 s each, worst 116.10 s, 40 blocks seen
  scattered (the check's own order): 50/60 positions, 1076.2 s elapsed, 21.52 s each, worst 116.10 s, 50 blocks seen
  scattered (the check's own order): 60/60 positions, 1181.9 s elapsed, 19.70 s each, worst 116.10 s, 60 blocks seen
scattered (the check's own order): 60 positions in 1181.9 s, 19.698 s each, worst 116.10 s, 60 distinct blocks
  block order (same positions): 10/60 positions, 29.2 s elapsed, 2.92 s each, worst 5.75 s, 10 blocks seen
  block order (same positions): 20/60 positions, 56.0 s elapsed, 2.80 s each, worst 5.79 s, 20 blocks seen
  block order (same positions): 30/60 positions, 75.1 s elapsed, 2.50 s each, worst 5.80 s, 30 blocks seen
  block order (same positions): 40/60 positions, 91.8 s elapsed, 2.30 s each, worst 5.80 s, 40 blocks seen
  block order (same positions): 50/60 positions, 109.4 s elapsed, 2.19 s each, worst 5.80 s, 50 blocks seen
  block order (same positions): 60/60 positions, 146.0 s elapsed, 2.43 s each, worst 5.80 s, 60 blocks seen
block order (same positions): 60 positions in 146.0 s, 2.433 s each, worst 5.80 s, 60 distinct blocks
	Command being timed: "env -u DISPLAY -u WAYLAND_DISPLAY /home/ryko/proj/game/tools/godot/godot4 --headless --path . -s res://tools/ground_scatter_cost.gd -- --seed 1234 --span 2000 --count 900 --sample 60"
	User time (seconds): 1403.25
	System time (seconds): 3.36
	Percent of CPU this job got: 100%
	Elapsed (wall clock) time (h:mm:ss or m:ss): 23:26.55
	Average shared text size (kbytes): 0
	Average unshared data size (kbytes): 0
	Average stack size (kbytes): 0
	Average total size (kbytes): 0
	Maximum resident set size (kbytes): 10276852
	Average resident set size (kbytes): 0
	Major (requiring I/O) page faults: 0
	Minor (reclaiming a frame) page faults: 2670858
	Voluntary context switches: 15394
	Involuntary context switches: 567
	Swaps: 0
	File system inputs: 0
	File system outputs: 232
	Socket messages sent: 0
	Socket messages received: 0
	Signals delivered: 0
	Page size (bytes): 4096
	Exit status: 0
