=== playtest session: walk (after W-walk-pace)
=== command: xvfb-run -a ./run_render.sh --seed 1234 --scenario play --play --journal --camera 0 5 10 --aim 1 --input 6:w --screenshot-ticks 9:reports/assets/walk-pace-after-t9.png,10:reports/assets/walk-pace-after-t10.png,11:reports/assets/walk-pace-after-t11.png,12:reports/assets/walk-pace-after-t12.png,13:reports/assets/walk-pace-after-t13.png
Godot Engine v4.7.2.stable.official.ed1daf0bf - https://godotengine.org
Failed to create /home/ryko/.cache/mesa_shader_cache for shader cache (Read-only file system)---disabling.
Vulkan 1.3.255 - Forward+ - Using Device #0: Unknown - llvmpipe (LLVM 15.0.7, 256 bits)
Failed to create secure directory (/run/user/1000/pulse): Read-only file system
ALSA lib confmisc.c:855:(parse_card) cannot find card '0'
ALSA lib conf.c:5182:(_snd_config_evaluate) function snd_func_card_inum returned error: No such file or directory
ALSA lib confmisc.c:422:(snd_func_concat) error evaluating strings
ALSA lib conf.c:5182:(_snd_config_evaluate) function snd_func_concat returned error: No such file or directory
ALSA lib confmisc.c:1334:(snd_func_refer) error evaluating name
ALSA lib conf.c:5182:(_snd_config_evaluate) function snd_func_refer returned error: No such file or directory
ALSA lib conf.c:5705:(snd_config_expand) Evaluate error: No such file or directory
ALSA lib pcm.c:2664:(snd_pcm_open_noupdate) Unknown PCM default
ERROR: Condition "status < 0" is true. Returning: ERR_CANT_OPEN
   at: init_output_device (drivers/alsa/audio_driver_alsa.cpp:97)
WARNING: All audio drivers failed, falling back to the dummy driver.
     at: initialize (servers/audio/audio_server.cpp:258)

render-shell play driving=#1
render-shell keys WASD/arrows  walk one step (3.6 units)
render-shell keys G            go to the nearest named place
render-shell keys J            hop (3.0 units)
render-shell keys K            leap (12.0 units, further than an ordinary DEX reaches)
render-shell keys Tab          aim at the next thing in sight
render-shell keys F            hold the next thing you carry, or nothing
render-shell keys C            pick the next thing inside what you have aimed at
render-shell keys B            pick the next thing to say
render-shell keys - / =        the coins in your next offer (given / asked)
render-shell keys P            go to what you have aimed at
render-shell keys E            examine what you have aimed at
render-shell keys L            look at what you are holding
render-shell keys Q            take the picked thing out of what you have aimed at
render-shell keys X            drop what you are holding
render-shell keys 1            put on what you are holding
render-shell keys 2            take off what you are holding
render-shell keys 3            use up what you are holding
render-shell keys V            put what you are holding into what you have aimed at
render-shell keys T            say the picked line to what you have aimed at
render-shell keys Y            shout the picked line
render-shell keys O            offer a trade: give what you hold and the given coins, ask for what you have picked and the asked coins
render-shell keys U            accept the offer standing from it
render-shell keys I            deny the offer standing from it
render-shell keys H            interact with it, using what you are holding
render-shell keys N            attack it with what you are holding
render-shell keys M            wait (5 ticks)
render-shell keys [            pick the next cell you may step onto
render-shell keys ]            step onto it
render-shell keys ;            pick the next of your minions
render-shell keys '            pick the next cell that minion may go to
render-shell keys \            send it there
render-shell keys 4 5 6 7      use the first, second, third or fourth weapon action
render-shell keys 8 / 9        turn a quarter left or right (free)
render-shell keys 0            end your turn
render-shell keys .            leave the fight and go back to real time
render-shell keys Z            open or shut the character sheet
render-shell boot seed=1234 chunks=32 far=4 fartris=592 islands=10 grass=13283 motes=588 sheet=1/3 aa=msaa4+fxaa
  t=  1  Fen    has not decided yet, and waits in the world
  t=  1  Hob    began wait(ticks=4), 4 ticks
  t=  1  Rill   began wait(ticks=20), 20 ticks
  t=  5  Hob    finished wait(ticks=4) -> wait ok ticks=4 until=9
  t=  5  Hob    began wait(ticks=4), 4 ticks
  t=  6  Rill   thought again at 5/20t, wanted the same thing
render-shell play t=8 chose go_to(offset=(0.000, -3.600))
  t=  9  Fen    began go_to(offset=(0.000, -3.600)), 4 ticks
  t=  9  Hob    finished wait(ticks=4) -> wait ok ticks=4 until=13
  t=  9  Hob    began wait(ticks=4), 4 ticks
render-shell screenshot t=10 reports/assets/walk-pace-after-t9.png
  t= 11  Rill   thought again at 10/20t, wanted the same thing
  t= 13  Fen    finished go_to(offset=(0.000, -3.600)) -> go_to ok at=(-480.000, 416.400) walked=3.6 steps=4
  t= 13  Fen    has not decided yet, and waits in the world
  t= 13  Hob    finished wait(ticks=4) -> wait ok ticks=4 until=17
  t= 13  Hob    began wait(ticks=4), 4 ticks
render-shell play t=13 go_to(offset=(0.000, -3.600)) -> go_to ok at=(-480.000, 416.400) walked=3.6 steps=4
render-shell screenshot t=13 reports/assets/walk-pace-after-t10.png
render-shell screenshot t=15 reports/assets/walk-pace-after-t11.png
  t= 16  Rill   thought again at 15/20t, wanted the same thing
  t= 17  Hob    finished wait(ticks=4) -> wait ok ticks=4 until=21
  t= 17  Hob    began wait(ticks=4), 4 ticks
render-shell screenshot t=18 reports/assets/walk-pace-after-t12.png
  t= 21  Hob    finished wait(ticks=4) -> wait ok ticks=4 until=25
  t= 21  Hob    began wait(ticks=4), 4 ticks
  t= 21  Rill   finished wait(ticks=20) -> wait ok ticks=20 until=41
  t= 21  Rill   began wait(ticks=20), 20 ticks
render-shell screenshot t=21 reports/assets/walk-pace-after-t13.png
render-shell sheet scale=1 x=8 y=8 w=287 h=268 sheets=3 showing=0
render-shell readout scale=1 x=8 y=8 w=269 h=214 fight=0
render-shell dialogue scale=1 x=846 y=585 w=298 h=55
render-shell trade scale=1 x=846 y=524 w=298 h=57
render-shell stop tick=24 frames=9 views=32 handles=64 far=40 fartris=5088 farbuilt=40 farcorners=2704 faruse=45718 islands=30 water=1 grass=13815 drawn=10360 patches=32 isles=1 motes=586 lights=0 orbs=0 board=0/0 pieces=3 mirror=9 frame_ms=0.00 timed=0 digest=1dfe33f1f312837e
rc=0
