Godot Engine v4.7.2.stable.official.ed1daf0bf - https://godotengine.org

PASS  rng            1325 checks
PASS  determinism    15 checks
PASS  terrain        32 checks
PASS  streaming      4695 checks
PASS  terrain_lod    59 checks
FAIL  mountains      436 checks, 5 failed
        - the walk found only one kind of ground: 0 shut, 2000 open
        - seed 1234 lifts 59.8% of an 1800-unit square by more than a unit; mountains would be the ground rather than a place in it
        - seed 7 lifts 61.6% of an 1800-unit square by more than a unit; mountains would be the ground rather than a place in it
        - seed 42 lifts 69.3% of an 1800-unit square by more than a unit; mountains would be the ground rather than a place in it
        - highland does not stand high: it averages 5.23 units of uplift against the meadow's 1.31
PASS  biomes         212 checks
FAIL  water          6338 checks, 1 failed
        - seed 20250825 has almost no water: 36 of 3600 samples
        islands: candidate bound ruled out 515 of 968 asks, 213 had an island
        islands: cell gate matched the ungated scan on 10800 asks, 1951 with an island, building 317 cells against 1984
PASS  islands        105328 checks
        island cover: 11 overlapping storey pairs, 33 things in the laps, 0 coincidences
        island cover: 4567 placements over 4 seeds -- 0 hovering, 0 past the lip, 0 in water, 0 on a face
        island cover: 197 islands over 4 seeds -- 59 with a basin, 59 overflowing, 59 dipping below their own rim, 0 boundary samples below it
PASS  island cover   5119 checks
        settlements: 13 of 111 villages (11.7%) sited by the shore rule over 8 seeds
        settlements: 35 wide upper storeys swept, 4 spots the old padded rule let through
PASS  settlements    19231 checks
PASS  scatter        295 checks
PASS  combat board   25463 checks
PASS  combat pieces  343 checks
PASS  combat resolution 314 checks
PASS  combat snap    858 checks
PASS  layering       24 checks
PASS  asset tags     1330 checks
ERROR: String formatting error: not all arguments converted during string formatting.
   at: validated_evaluate (core/variant/variant_op.h:770)
   GDScript backtrace (most recent call first):
       [0] _the_minions_are_named_as_uncovered (res://tests/test_characters.gd:499)
       [1] run (res://tests/test_characters.gd:60)
       [2] _initialize (res://bin/test_main.gd:43)
ERROR: String formatting error: not all arguments converted during string formatting.
   at: validated_evaluate (core/variant/variant_op.h:770)
   GDScript backtrace (most recent call first):
       [0] _the_minions_are_named_as_uncovered (res://tests/test_characters.gd:499)
       [1] run (res://tests/test_characters.gd:60)
       [2] _initialize (res://bin/test_main.gd:43)
ERROR: String formatting error: not all arguments converted during string formatting.
   at: validated_evaluate (core/variant/variant_op.h:770)
   GDScript backtrace (most recent call first):
       [0] _the_minions_are_named_as_uncovered (res://tests/test_characters.gd:499)
       [1] run (res://tests/test_characters.gd:60)
       [2] _initialize (res://bin/test_main.gd:43)
ERROR: String formatting error: not all arguments converted during string formatting.
   at: validated_evaluate (core/variant/variant_op.h:770)
   GDScript backtrace (most recent call first):
       [0] _the_minions_are_named_as_uncovered (res://tests/test_characters.gd:499)
       [1] run (res://tests/test_characters.gd:60)
       [2] _initialize (res://bin/test_main.gd:43)
PASS  characters     1295 checks
        window glow: 54 villages light ["house=436", "cottage=408", "tavern=104", "workshop=6", "tower=15"]
        window glow: 290 distinct placements checked, worst gap 0.221 (workshop face +1 share +0.09)
PASS  window glow    11415 checks
        island grass: 37 overlapping storey pairs, 1019 patches in the laps, 606 sharing a world cell, 0 coincidences
PASS  grass          886 checks
FAIL  atmosphere     156 checks, 1 failed
        - a twilight marsh view holds 1 glowing orbs beside 28 reeds and cattails, which is not a pocket lit by orbs
PASS  reflection     31 checks
PASS  anti-alias     55 checks
PASS  render shell   58 checks

3 of 25 suites failed (7 failed checks of 185313)
Godot Engine v4.7.2.stable.official.ed1daf0bf - https://godotengine.org

layer check: OK -- res://sim references nothing in the render layer
combat check: OK -- res://render draws the fight and holds none of it
asset check: OK -- res://sim names asset tags and no asset
