Godot Engine v4.7.2.stable.official.ed1daf0bf - https://godotengine.org

PASS  rng            1325 checks
PASS  determinism    15 checks
PASS  terrain        32 checks
PASS  streaming      4695 checks
PASS  terrain_lod    59 checks
FAIL  mountains      2484 checks, 1 failed
        - highland does not stand high: it averages 5.80 units of uplift against the meadow's 8.54
PASS  biomes         212 checks
FAIL  water          6358 checks, 1 failed
        - seed 20250825 has almost no water: 0 of 3600 samples
        islands: candidate bound ruled out 515 of 968 asks, 224 had an island
        islands: cell gate matched the ungated scan on 10800 asks, 1966 with an island, building 317 cells against 1984
PASS  islands        106246 checks
        island cover: 11 overlapping storey pairs, 33 things in the laps, 0 coincidences
        island cover: 4706 placements over 4 seeds -- 0 hovering, 0 past the lip, 0 in water, 0 on a face
        island cover: 200 islands over 4 seeds -- 60 with a basin, 60 overflowing, 60 dipping below their own rim, 0 boundary samples below it
PASS  island cover   4928 checks
        settlements: 15 of 111 villages (13.5%) sited by the shore rule over 8 seeds
        settlements: 37 wide upper storeys swept, 5 spots the old padded rule let through
PASS  settlements    20006 checks
PASS  scatter        295 checks
PASS  combat board   25526 checks
PASS  combat pieces  398 checks
PASS  combat resolution 314 checks
PASS  combat snap    858 checks
PASS  layering       24 checks
PASS  asset tags     1330 checks
ERROR: String formatting error: not all arguments converted during string formatting.
   at: validated_evaluate (core/variant/variant_op.h:770)
   GDScript backtrace (most recent call first):
       [0] _the_minions_are_named_as_uncovered (res://tests/test_characters.gd:499)
       [1] run (res://tests/test_characters.gd:60)
       [2] _initialize (res://bin/test_main.gd:43)
ERROR: String formatting error: not all arguments converted during string formatting.
   at: validated_evaluate (core/variant/variant_op.h:770)
   GDScript backtrace (most recent call first):
       [0] _the_minions_are_named_as_uncovered (res://tests/test_characters.gd:499)
       [1] run (res://tests/test_characters.gd:60)
       [2] _initialize (res://bin/test_main.gd:43)
ERROR: String formatting error: not all arguments converted during string formatting.
   at: validated_evaluate (core/variant/variant_op.h:770)
   GDScript backtrace (most recent call first):
       [0] _the_minions_are_named_as_uncovered (res://tests/test_characters.gd:499)
       [1] run (res://tests/test_characters.gd:60)
       [2] _initialize (res://bin/test_main.gd:43)
ERROR: String formatting error: not all arguments converted during string formatting.
   at: validated_evaluate (core/variant/variant_op.h:770)
   GDScript backtrace (most recent call first):
       [0] _the_minions_are_named_as_uncovered (res://tests/test_characters.gd:499)
       [1] run (res://tests/test_characters.gd:60)
       [2] _initialize (res://bin/test_main.gd:43)
PASS  characters     1295 checks
        window glow: 49 villages light ["house=424", "cottage=388", "tavern=96", "workshop=6", "tower=13"]
        window glow: 282 distinct placements checked, worst gap 0.221 (workshop face +1 share -1.00)
PASS  window glow    11008 checks
        island grass: 39 overlapping storey pairs, 1044 patches in the laps, 616 sharing a world cell, 0 coincidences
PASS  grass          886 checks
PASS  atmosphere     156 checks
PASS  reflection     31 checks
PASS  anti-alias     55 checks
PASS  render shell   58 checks

2 of 25 suites failed (2 failed checks of 188594)
Godot Engine v4.7.2.stable.official.ed1daf0bf - https://godotengine.org

layer check: OK -- res://sim references nothing in the render layer
combat check: OK -- res://render draws the fight and holds none of it
asset check: OK -- res://sim names asset tags and no asset
