Godot Engine v4.7.2.stable.official.ed1daf0bf - https://godotengine.org

PASS  rng            1325 checks
PASS  determinism    15 checks
PASS  terrain        32 checks
PASS  streaming      4695 checks
PASS  terrain_lod    59 checks
PASS  mountains      3030 checks
PASS  biomes         212 checks
PASS  water          6358 checks
        islands: candidate bound ruled out 515 of 968 asks, 213 had an island
        islands: cell gate matched the ungated scan on 10800 asks, 1958 with an island, building 317 cells against 1984
PASS  islands        105292 checks
        island cover: 11 overlapping storey pairs, 33 things in the laps, 0 coincidences
        island cover: 4509 placements over 4 seeds -- 0 hovering, 0 past the lip, 0 in water, 0 on a face
        island cover: 194 islands over 4 seeds -- 58 with a basin, 58 overflowing, 58 dipping below their own rim, 0 boundary samples below it
PASS  island cover   4922 checks
        settlements: 20 of 110 villages (18.2%) sited by the shore rule over 8 seeds
        settlements: 36 wide upper storeys swept, 4 spots the old padded rule let through
PASS  settlements    19830 checks
PASS  scatter        295 checks
PASS  combat board   25505 checks
PASS  combat pieces  343 checks
PASS  combat resolution 314 checks
PASS  combat snap    858 checks
PASS  layering       24 checks
PASS  asset tags     1330 checks
ERROR: String formatting error: not all arguments converted during string formatting.
   at: validated_evaluate (core/variant/variant_op.h:770)
   GDScript backtrace (most recent call first):
       [0] _the_minions_are_named_as_uncovered (res://tests/test_characters.gd:499)
       [1] run (res://tests/test_characters.gd:60)
       [2] _initialize (res://bin/test_main.gd:43)
ERROR: String formatting error: not all arguments converted during string formatting.
   at: validated_evaluate (core/variant/variant_op.h:770)
   GDScript backtrace (most recent call first):
       [0] _the_minions_are_named_as_uncovered (res://tests/test_characters.gd:499)
       [1] run (res://tests/test_characters.gd:60)
       [2] _initialize (res://bin/test_main.gd:43)
ERROR: String formatting error: not all arguments converted during string formatting.
   at: validated_evaluate (core/variant/variant_op.h:770)
   GDScript backtrace (most recent call first):
       [0] _the_minions_are_named_as_uncovered (res://tests/test_characters.gd:499)
       [1] run (res://tests/test_characters.gd:60)
       [2] _initialize (res://bin/test_main.gd:43)
ERROR: String formatting error: not all arguments converted during string formatting.
   at: validated_evaluate (core/variant/variant_op.h:770)
   GDScript backtrace (most recent call first):
       [0] _the_minions_are_named_as_uncovered (res://tests/test_characters.gd:499)
       [1] run (res://tests/test_characters.gd:60)
       [2] _initialize (res://bin/test_main.gd:43)
PASS  characters     1295 checks
        window glow: 52 villages light ["house=426", "cottage=403", "tavern=100", "workshop=8", "tower=13"]
        window glow: 286 distinct placements checked, worst gap 0.221 (workshop face +1 share +0.20)
PASS  window glow    11225 checks
        island grass: 37 overlapping storey pairs, 1019 patches in the laps, 606 sharing a world cell, 0 coincidences
PASS  grass          886 checks
PASS  atmosphere     156 checks
PASS  reflection     31 checks
PASS  anti-alias     55 checks
PASS  render shell   58 checks

all 25 suites passed (188145 checks)
Godot Engine v4.7.2.stable.official.ed1daf0bf - https://godotengine.org

layer check: OK -- res://sim references nothing in the render layer
combat check: OK -- res://render draws the fight and holds none of it
asset check: OK -- res://sim names asset tags and no asset
