Godot Engine v4.7.2.stable.official.ed1daf0bf - https://godotengine.org

PASS  rng            1325 checks
PASS  determinism    15 checks
PASS  terrain        32 checks
PASS  streaming      4695 checks
FAIL  terrain_lod    59 checks, 1 failed
        - the far levels' simplified shape departs from the world's own ground by 3.200 units, past the 2.0 the layer claims
PASS  mountains      3030 checks
PASS  biomes         212 checks
PASS  water          6358 checks
        islands: candidate bound ruled out 515 of 968 asks, 213 had an island
        islands: cell gate matched the ungated scan on 10800 asks, 1958 with an island, building 317 cells against 1984
PASS  islands        105292 checks
        island cover: 11 overlapping storey pairs, 33 things in the laps, 0 coincidences
        island cover: 4509 placements over 4 seeds -- 0 hovering, 0 past the lip, 0 in water, 0 on a face
        island cover: 194 islands over 4 seeds -- 58 with a basin, 58 overflowing, 58 dipping below their own rim, 0 boundary samples below it
PASS  island cover   4922 checks
        settlements: 56 of 215 villages (26.0%) sited by the shore rule over 8 seeds
        settlements: 36 wide upper storeys swept, 4 spots the old padded rule let through
FAIL  settlements    30017 checks, 37 failed
        - the levelled ground of the shore village at (217.3, 541.2) still rises and falls
        - the levelled ground of the shore village at (456.8, -732.8) still rises and falls
        - the levelled ground of the shore village at (998.5, -566.6) still rises and falls
        - the levelled ground of the shore village at (26.5, -822.4) still rises and falls
        - the levelled ground of the shore village at (510.0, 60.8) still rises and falls
        - the levelled ground of the shore village at (1097.5, 828.2) still rises and falls
        - the levelled ground of the shore village at (1041.6, 1002.5) still rises and falls
        - the levelled ground of the shore village at (-541.1, 839.3) still rises and falls
        - the levelled ground of the shore village at (-989.2, -777.8) still rises and falls
        - the levelled ground of the shore village at (-1072.8, 530.8) still rises and falls
        - the levelled ground of the shore village at (-226.6, 832.5) still rises and falls
        - the levelled ground of the shore village at (217.1, -1101.2) still rises and falls
        - the levelled ground of the shore village at (559.7, -1014.5) still rises and falls
        - the levelled ground of the shore village at (-524.7, -63.5) still rises and falls
        - the levelled ground of the shore village at (56.2, -1004.2) still rises and falls
        - the levelled ground of the shore village at (-22.5, -528.2) still rises and falls
        - the levelled ground of the shore village at (539.2, 1002.4) still rises and falls
        - the levelled ground of the shore village at (820.5, -212.1) still rises and falls
        - the levelled ground of the shore village at (-793.4, -1025.0) still rises and falls
        - the levelled ground of the shore village at (-574.7, 736.3) still rises and falls
        - the levelled ground of the shore village at (-206.7, -542.7) still rises and falls
        - the levelled ground of the shore village at (-323.7, 567.2) still rises and falls
        - the levelled ground of the shore village at (-275.9, 828.7) still rises and falls
        - the levelled ground of the shore village at (-51.5, 300.6) still rises and falls
        - the levelled ground of the shore village at (-1048.9, 819.7) still rises and falls
        - the levelled ground of the shore village at (-574.1, -545.3) still rises and falls
        - the levelled ground of the shore village at (-981.3, -731.6) still rises and falls
        - the levelled ground of the shore village at (-44.2, 297.5) still rises and falls
        - the levelled ground of the shore village at (260.1, -265.1) still rises and falls
        - the levelled ground of the village at (-776.9, -294.3) still rises and falls by 1.53
        - the levelled ground of the village at (-799.7, 302.4) still rises and falls by 0.90
        - the levelled ground of the village at (-221.8, -230.0) still rises and falls by 1.79
        - the levelled ground of the village at (-207.8, 830.6) still rises and falls by 0.84
        - the levelled ground of the village at (24.4, -725.0) still rises and falls by 0.89
        - the levelled ground of the village at (-0.7, 310.8) still rises and falls by 0.56
        - the levelled ground of the village at (217.3, 541.2) still rises and falls by 1.59
        - the levelled ground of the village at (456.8, -732.8) still rises and falls by 1.19
PASS  scatter        295 checks
PASS  combat board   25553 checks
PASS  combat pieces  343 checks
PASS  combat resolution 314 checks
PASS  combat snap    858 checks
PASS  layering       24 checks
PASS  asset tags     1330 checks
ERROR: String formatting error: not all arguments converted during string formatting.
   at: validated_evaluate (core/variant/variant_op.h:770)
   GDScript backtrace (most recent call first):
       [0] _the_minions_are_named_as_uncovered (res://tests/test_characters.gd:499)
       [1] run (res://tests/test_characters.gd:60)
       [2] _initialize (res://bin/test_main.gd:43)
ERROR: String formatting error: not all arguments converted during string formatting.
   at: validated_evaluate (core/variant/variant_op.h:770)
   GDScript backtrace (most recent call first):
       [0] _the_minions_are_named_as_uncovered (res://tests/test_characters.gd:499)
       [1] run (res://tests/test_characters.gd:60)
       [2] _initialize (res://bin/test_main.gd:43)
ERROR: String formatting error: not all arguments converted during string formatting.
   at: validated_evaluate (core/variant/variant_op.h:770)
   GDScript backtrace (most recent call first):
       [0] _the_minions_are_named_as_uncovered (res://tests/test_characters.gd:499)
       [1] run (res://tests/test_characters.gd:60)
       [2] _initialize (res://bin/test_main.gd:43)
ERROR: String formatting error: not all arguments converted during string formatting.
   at: validated_evaluate (core/variant/variant_op.h:770)
   GDScript backtrace (most recent call first):
       [0] _the_minions_are_named_as_uncovered (res://tests/test_characters.gd:499)
       [1] run (res://tests/test_characters.gd:60)
       [2] _initialize (res://bin/test_main.gd:43)
PASS  characters     1295 checks
        window glow: 106 villages light ["house=950", "cottage=859", "tavern=210", "workshop=8", "tower=28"]
        window glow: 329 distinct placements checked, worst gap 0.221 (workshop face +1 share -0.10)
PASS  window glow    18452 checks
        island grass: 37 overlapping storey pairs, 1019 patches in the laps, 606 sharing a world cell, 0 coincidences
PASS  grass          868 checks
PASS  atmosphere     156 checks
PASS  reflection     31 checks
PASS  anti-alias     55 checks
PASS  render shell   58 checks

2 of 25 suites failed (38 failed checks of 205589)
Godot Engine v4.7.2.stable.official.ed1daf0bf - https://godotengine.org

layer check: OK -- res://sim references nothing in the render layer
combat check: OK -- res://render draws the fight and holds none of it
asset check: OK -- res://sim names asset tags and no asset
