Godot Engine v4.7.2.stable.official.ed1daf0bf - https://godotengine.org

PASS  rng            1325 checks
PASS  determinism    15 checks
PASS  terrain        32 checks
PASS  streaming      4695 checks
FAIL  terrain_lod    59 checks, 2 failed
        - level 4 hangs a 25.6-unit apron under a seam that can open 10.82 units: too little margin to be sure a boundary never shows
        - level 5 hangs a 51.2-unit apron under a seam that can open 33.41 units: too little margin to be sure a boundary never shows
FAIL  mountains      3030 checks, 2 failed
        - 148 steps of road are laid on land that climbs more than 3.0 in one cell; the worst is 8.457
      expected: 0
      actual:   148
        - 153 of 5129 steps of finished roadway climb more than 3.0 in one cell, which is more than the overlap between two roads' carving explains
PASS  biomes         212 checks
PASS  water          6358 checks
        islands: candidate bound ruled out 515 of 968 asks, 230 had an island
        islands: cell gate matched the ungated scan on 10800 asks, 2007 with an island, building 317 cells against 1984
PASS  islands        107861 checks
        island cover: 11 overlapping storey pairs, 33 things in the laps, 0 coincidences
        island cover: 4714 placements over 4 seeds -- 0 hovering, 0 past the lip, 0 in water, 0 on a face
        island cover: 210 islands over 4 seeds -- 63 with a basin, 63 overflowing, 63 dipping below their own rim, 0 boundary samples below it
PASS  island cover   4938 checks
        settlements: 20 of 103 villages (19.4%) sited by the shore rule over 8 seeds
        settlements: 38 wide upper storeys swept, 4 spots the old padded rule let through
FAIL  settlements    19359 checks, 2 failed
        - the cell holding the world origin has no starting village
        - expected a starting village to stream
FAIL  scatter        295 checks, 5 failed
        - not enough rocks to compare: 4 in deep forest, 58 in highland
        - expected a village within reach of the origin
        - only 0 things stand around the villages, which is too few to be evidence of anything
        - nothing at all stands within a few steps of a building, so the footprint check proved nothing
        - no stone circles at all were found in a twenty-chunk square
FAIL  combat board   25496 checks, 1 failed
        - expected a village within reach of the origin
PASS  combat pieces  299 checks
PASS  combat resolution 314 checks
PASS  combat snap    858 checks
PASS  layering       24 checks
PASS  asset tags     1330 checks
ERROR: String formatting error: not all arguments converted during string formatting.
   at: validated_evaluate (core/variant/variant_op.h:770)
   GDScript backtrace (most recent call first):
       [0] _the_minions_are_named_as_uncovered (res://tests/test_characters.gd:499)
       [1] run (res://tests/test_characters.gd:60)
       [2] _initialize (res://bin/test_main.gd:43)
ERROR: String formatting error: not all arguments converted during string formatting.
   at: validated_evaluate (core/variant/variant_op.h:770)
   GDScript backtrace (most recent call first):
       [0] _the_minions_are_named_as_uncovered (res://tests/test_characters.gd:499)
       [1] run (res://tests/test_characters.gd:60)
       [2] _initialize (res://bin/test_main.gd:43)
ERROR: String formatting error: not all arguments converted during string formatting.
   at: validated_evaluate (core/variant/variant_op.h:770)
   GDScript backtrace (most recent call first):
       [0] _the_minions_are_named_as_uncovered (res://tests/test_characters.gd:499)
       [1] run (res://tests/test_characters.gd:60)
       [2] _initialize (res://bin/test_main.gd:43)
ERROR: String formatting error: not all arguments converted during string formatting.
   at: validated_evaluate (core/variant/variant_op.h:770)
   GDScript backtrace (most recent call first):
       [0] _the_minions_are_named_as_uncovered (res://tests/test_characters.gd:499)
       [1] run (res://tests/test_characters.gd:60)
       [2] _initialize (res://bin/test_main.gd:43)
PASS  characters     1295 checks
        window glow: 49 villages light ["house=406", "cottage=377", "tavern=94", "workshop=8", "tower=13"]
        window glow: 282 distinct placements checked, worst gap 0.221 (workshop face +1 share +0.20)
PASS  window glow    10843 checks
        island grass: 42 overlapping storey pairs, 1064 patches in the laps, 622 sharing a world cell, 0 coincidences
PASS  grass          886 checks
PASS  atmosphere     156 checks
PASS  reflection     31 checks
PASS  anti-alias     55 checks
PASS  render shell   58 checks

5 of 25 suites failed (12 failed checks of 189824)
Godot Engine v4.7.2.stable.official.ed1daf0bf - https://godotengine.org

layer check: OK -- res://sim references nothing in the render layer
combat check: OK -- res://render draws the fight and holds none of it
asset check: OK -- res://sim names asset tags and no asset
